Component: ARM Compiler 6.14 Tool: armlink [5db06800]

==============================================================================

Section Cross References

    startup_stm32wle5xx.o(STACK) refers (Special) to heapauxi.o(.text) for __use_two_region_memory
    startup_stm32wle5xx.o(HEAP) refers (Special) to heapauxi.o(.text) for __use_two_region_memory
    startup_stm32wle5xx.o(RESET) refers (Special) to heapauxi.o(.text) for __use_two_region_memory
    startup_stm32wle5xx.o(RESET) refers to startup_stm32wle5xx.o(STACK) for __initial_sp
    startup_stm32wle5xx.o(RESET) refers to startup_stm32wle5xx.o(.text) for Reset_Handler
    startup_stm32wle5xx.o(RESET) refers to stm32wlxx_it.o(.text.NMI_Handler) for NMI_Handler
    startup_stm32wle5xx.o(RESET) refers to stm32wlxx_it.o(.text.HardFault_Handler) for HardFault_Handler
    startup_stm32wle5xx.o(RESET) refers to stm32wlxx_it.o(.text.MemManage_Handler) for MemManage_Handler
    startup_stm32wle5xx.o(RESET) refers to stm32wlxx_it.o(.text.BusFault_Handler) for BusFault_Handler
    startup_stm32wle5xx.o(RESET) refers to stm32wlxx_it.o(.text.UsageFault_Handler) for UsageFault_Handler
    startup_stm32wle5xx.o(RESET) refers to stm32wlxx_it.o(.text.SVC_Handler) for SVC_Handler
    startup_stm32wle5xx.o(RESET) refers to stm32wlxx_it.o(.text.DebugMon_Handler) for DebugMon_Handler
    startup_stm32wle5xx.o(RESET) refers to stm32wlxx_it.o(.text.PendSV_Handler) for PendSV_Handler
    startup_stm32wle5xx.o(RESET) refers to stm32wlxx_it.o(.text.SysTick_Handler) for SysTick_Handler
    startup_stm32wle5xx.o(RESET) refers to stm32wlxx_it.o(.text.PVD_PVM_IRQHandler) for PVD_PVM_IRQHandler
    startup_stm32wle5xx.o(RESET) refers to stm32wlxx_it.o(.text.TAMP_STAMP_LSECSS_SSRU_IRQHandler) for TAMP_STAMP_LSECSS_SSRU_IRQHandler
    startup_stm32wle5xx.o(RESET) refers to stm32wlxx_it.o(.text.FLASH_IRQHandler) for FLASH_IRQHandler
    startup_stm32wle5xx.o(RESET) refers to stm32wlxx_it.o(.text.RCC_IRQHandler) for RCC_IRQHandler
    startup_stm32wle5xx.o(RESET) refers to stm32wlxx_it.o(.text.DMA1_Channel1_IRQHandler) for DMA1_Channel1_IRQHandler
    startup_stm32wle5xx.o(RESET) refers to stm32wlxx_it.o(.text.DMA1_Channel2_IRQHandler) for DMA1_Channel2_IRQHandler
    startup_stm32wle5xx.o(RESET) refers to stm32wlxx_it.o(.text.ADC_IRQHandler) for ADC_IRQHandler
    startup_stm32wle5xx.o(RESET) refers to stm32wlxx_it.o(.text.USART1_IRQHandler) for USART1_IRQHandler
    startup_stm32wle5xx.o(RESET) refers to stm32wlxx_it.o(.text.USART2_IRQHandler) for USART2_IRQHandler
    startup_stm32wle5xx.o(RESET) refers to stm32wlxx_it.o(.text.RTC_Alarm_IRQHandler) for RTC_Alarm_IRQHandler
    startup_stm32wle5xx.o(RESET) refers to stm32wlxx_it.o(.text.SUBGHZ_Radio_IRQHandler) for SUBGHZ_Radio_IRQHandler
    startup_stm32wle5xx.o(.text) refers (Special) to heapauxi.o(.text) for __use_two_region_memory
    startup_stm32wle5xx.o(.text) refers to system_stm32wlxx.o(.text.SystemInit) for SystemInit
    startup_stm32wle5xx.o(.text) refers to __main.o(!!!main) for __main
    startup_stm32wle5xx.o(.text) refers to startup_stm32wle5xx.o(HEAP) for Heap_Mem
    startup_stm32wle5xx.o(.text) refers to startup_stm32wle5xx.o(STACK) for Stack_Mem
    rs485.o(.text) refers (Special) to _printf_d.o(.ARM.Collect$$_printf_percent$$00000009) for _printf_d
    rs485.o(.text) refers (Special) to _printf_dec.o(.text) for _printf_int_dec
    rs485.o(.text) refers (Special) to _printf_percent.o(.ARM.Collect$$_printf_percent$$00000000) for _printf_percent
    rs485.o(.text) refers (Special) to _printf_s.o(.ARM.Collect$$_printf_percent$$00000014) for _printf_s
    rs485.o(.text) refers (Special) to _printf_str.o(.text) for _printf_str
    rs485.o(.text.get_status_modbus_devices) refers (Special) to _printf_d.o(.ARM.Collect$$_printf_percent$$00000009) for _printf_d
    rs485.o(.text.get_status_modbus_devices) refers (Special) to _printf_dec.o(.text) for _printf_int_dec
    rs485.o(.text.get_status_modbus_devices) refers (Special) to _printf_percent.o(.ARM.Collect$$_printf_percent$$00000000) for _printf_percent
    rs485.o(.text.get_status_modbus_devices) refers (Special) to _printf_s.o(.ARM.Collect$$_printf_percent$$00000014) for _printf_s
    rs485.o(.text.get_status_modbus_devices) refers (Special) to _printf_str.o(.text) for _printf_str
    rs485.o(.text.get_status_modbus_devices) refers to rs485.o(.bss..L_MergedGlobals.7) for .L_MergedGlobals.7
    rs485.o(.text.get_status_modbus_devices) refers to rs485.o(.data..L_MergedGlobals) for .L_MergedGlobals
    rs485.o(.text.get_status_modbus_devices) refers to rs485.o(.bss.buffer) for buffer
    rs485.o(.text.get_status_modbus_devices) refers to noretval__2sprintf.o(.text) for __2sprintf
    rs485.o(.text.get_status_modbus_devices) refers to usart.o(.text.UART_SendString) for UART_SendString
    rs485.o(.text.get_status_modbus_devices) refers to rs485.o(.text.read_rs485_sensor_state) for read_rs485_sensor_state
[...]
    0x0800155a   0x0800155a   0x00000002   PAD
    0x0800155c   0x0800155c   0x0000018a   Code   RO         2654    .text.Crc32         utilities.o
    0x080016e6   0x080016e6   0x00000002   PAD
    0x080016e8   0x080016e8   0x00000048   Code   RO          146    .text.DBG_Disable   sys_debug.o
    0x08001730   0x08001730   0x00000002   Code   RO          150    .text.DBG_ProbesInit  sys_debug.o
    0x08001732   0x08001732   0x00000002   PAD
    0x08001734   0x08001734   0x0000000c   Code   RO          343    .text.DMA1_Channel1_IRQHandler  stm32wlxx_it.o
    0x08001740   0x08001740   0x0000000c   Code   RO          345    .text.DMA1_Channel2_IRQHandler  stm32wlxx_it.o
    0x0800174c   0x0800174c   0x00000002   Code   RO          329    .text.DebugMon_Handler  stm32wlxx_it.o
    0x0800174e   0x0800174e   0x00000002   PAD
    0x08001750   0x08001750   0x00000004   Code   RO          161    .text.EnvSensors_Init  sys_sensors.o
    0x08001754   0x08001754   0x0000000a   Code   RO           48    .text.Error_Handler  main.o
    0x0800175e   0x0800175e   0x00000002   PAD
    0x08001760   0x08001760   0x00000004   Code   RO          339    .text.FLASH_IRQHandler  stm32wlxx_it.o
    0x08001764   0x08001764   0x00000024   Code   RO          686    .text.FLASH_PageErase  stm32wlxx_hal_flash_ex.o
    0x08001788   0x08001788   0x00000060   Code   RO          120    .text.GetBatteryLevel  sys_app.o
    0x080017e8   0x080017e8   0x00000026   Code   RO          126    .text.GetDevAddr    sys_app.o
    0x0800180e   0x0800180e   0x00000002   PAD
    0x08001810   0x08001810   0x00000014   Code   RO          122    .text.GetTemperatureLevel  sys_app.o
    0x08001824   0x08001824   0x0000004e   Code   RO          124    .text.GetUniqueId   sys_app.o
    0x08001872   0x08001872   0x00000002   PAD
    0x08001874   0x08001874   0x000000d6   Code   RO          551    .text.HAL_ADCEx_Calibration_Start  stm32wlxx_hal_adc_ex.o
    0x0800194a   0x0800194a   0x00000002   PAD
    0x0800194c   0x0800194c   0x00000002   Code   RO          563    .text.HAL_ADCEx_ChannelConfigReadyCallback  stm32wlxx_hal_adc_ex.o
    0x0800194e   0x0800194e   0x00000002   PAD
    0x08001950   0x08001950   0x00000002   Code   RO          561    .text.HAL_ADCEx_EndOfSamplingCallback  stm32wlxx_hal_adc_ex.o
    0x08001952   0x08001952   0x00000002   PAD
    0x08001954   0x08001954   0x00000002   Code   RO          557    .text.HAL_ADCEx_LevelOutOfWindow2Callback  stm32wlxx_hal_adc_ex.o
    0x08001956   0x08001956   0x00000002   PAD
    0x08001958   0x08001958   0x00000002   Code   RO          559    .text.HAL_ADCEx_LevelOutOfWindow3Callback  stm32wlxx_hal_adc_ex.o
    0x0800195a   0x0800195a   0x00000002   PAD
    0x0800195c   0x0800195c   0x00000266   Code   RO          535    .text.HAL_ADC_ConfigChannel  stm32wlxx_hal_adc.o
    0x08001bc2   0x08001bc2   0x00000002   PAD
    0x08001bc4   0x08001bc4   0x00000002   Code   RO          527    .text.HAL_ADC_ConvCpltCallback  stm32wlxx_hal_adc.o
    0x08001bc6   0x08001bc6   0x00000002   PAD
    0x08001bc8   0x08001bc8   0x000000e8   Code   RO          491    .text.HAL_ADC_DeInit  stm32wlxx_hal_adc.o
    0x08001cb0   0x08001cb0   0x00000002   Code   RO          531    .text.HAL_ADC_ErrorCallback  stm32wlxx_hal_adc.o
    0x08001cb2   0x08001cb2   0x00000002   PAD
    0x08001cb4   0x08001cb4   0x00000006   Code   RO          523    .text.HAL_ADC_GetValue  stm32wlxx_hal_adc.o
    0x08001cba   0x08001cba   0x00000002   PAD
    0x08001cbc   0x08001cbc   0x00000124   Code   RO          525    .text.HAL_ADC_IRQHandler  stm32wlxx_hal_adc.o
    0x08001de0   0x08001de0   0x000002b0   Code   RO          487    .text.HAL_ADC_Init  stm32wlxx_hal_adc.o
    0x08002090   0x08002090   0x00000002   Code   RO          529    .text.HAL_ADC_LevelOutOfWindowCallback  stm32wlxx_hal_adc.o
    0x08002092   0x08002092   0x00000002   PAD
    0x08002094   0x08002094   0x00000024   Code   RO           73    .text.HAL_ADC_MspDeInit  adc.o
    0x080020b8   0x080020b8   0x00000044   Code   RO           71    .text.HAL_ADC_MspInit  adc.o
    0x080020fc   0x080020fc   0x000000f0   Code   RO          505    .text.HAL_ADC_PollForConversion  stm32wlxx_hal_adc.o
    0x080021ec   0x080021ec   0x0000005c   Code   RO          499    .text.HAL_ADC_Start  stm32wlxx_hal_adc.o
    0x08002248   0x08002248   0x0000009e   Code   RO          503    .text.HAL_ADC_Stop  stm32wlxx_hal_adc.o
    0x080022e6   0x080022e6   0x00000002   PAD
    0x080022e8   0x080022e8   0x00000012   Code   RO          994    .text.HAL_DBGMCU_DisableDBGSleepMode  stm32wlxx_hal.o
    0x080022fa   0x080022fa   0x00000002   PAD
    0x080022fc   0x080022fc   0x00000012   Code   RO         1002    .text.HAL_DBGMCU_DisableDBGStandbyMode  stm32wlxx_hal.o
    0x0800230e   0x0800230e   0x00000002   PAD
    0x08002310   0x08002310   0x00000012   Code   RO          998    .text.HAL_DBGMCU_DisableDBGStopMode  stm32wlxx_hal.o
    0x08002322   0x08002322   0x00000002   PAD
    0x08002324   0x08002324   0x00000074   Code   RO          744    .text.HAL_DMA_Abort  stm32wlxx_hal_dma.o
    0x08002398   0x08002398   0x00000070   Code   RO          746    .text.HAL_DMA_Abort_IT  stm32wlxx_hal_dma.o
    0x08002408   0x08002408   0x000000f8   Code   RO          738    .text.HAL_DMA_DeInit  stm32wlxx_hal_dma.o
    0x08002500   0x08002500   0x000000c2   Code   RO          750    .text.HAL_DMA_IRQHandler  stm32wlxx_hal_dma.o
    0x080025c2   0x080025c2   0x00000002   PAD
    0x080025c4   0x080025c4   0x00000134   Code   RO          736    .text.HAL_DMA_Init  stm32wlxx_hal_dma.o
    0x080026f8   0x080026f8   0x000000ee   Code   RO          742    .text.HAL_DMA_Start_IT  stm32wlxx_hal_dma.o
    0x080027e6   0x080027e6   0x00000002   PAD
    0x080027e8   0x080027e8   0x0000000c   Code   RO          134    .text.HAL_Delay     sys_app.o
    0x080027f4   0x080027f4   0x00000002   Code   RO          661    .text.HAL_FLASH_EndOfOperationCallback  stm32wlxx_hal_flash.o
    0x080027f6   0x080027f6   0x00000002   PAD
    0x080027f8   0x080027f8   0x000000a2   Code   RO          657    .text.HAL_FLASH_IRQHandler  stm32wlxx_hal_flash.o
    0x0800289a   0x0800289a   0x00000002   PAD
    0x0800289c   0x0800289c   0x00000002   Code   RO          659    .text.HAL_FLASH_OperationErrorCallback  stm32wlxx_hal_flash.o
    0x0800289e   0x0800289e   0x00000002   PAD
    0x080028a0   0x080028a0   0x000001de   Code   RO          714    .text.HAL_GPIO_DeInit  stm32wlxx_hal_gpio.o
    0x08002a7e   0x08002a7e   0x00000002   PAD
    0x08002a80   0x08002a80   0x000001d4   Code   RO          712    .text.HAL_GPIO_Init  stm32wlxx_hal_gpio.o
    0x08002c54   0x08002c54   0x0000000c   Code   RO          718    .text.HAL_GPIO_WritePin  stm32wlxx_hal_gpio.o
    0x08002c60   0x08002c60   0x00000004   Code   RO          132    .text.HAL_GetTick   sys_app.o
    0x08002c64   0x08002c64   0x0000000c   Code   RO          986    .text.HAL_GetUIDw0  stm32wlxx_hal.o
    0x08002c70   0x08002c70   0x0000000c   Code   RO          988    .text.HAL_GetUIDw1  stm32wlxx_hal.o
    0x08002c7c   0x08002c7c   0x0000000c   Code   RO          990    .text.HAL_GetUIDw2  stm32wlxx_hal.o
    0x08002c88   0x08002c88   0x0000001a   Code   RO          964    .text.HAL_IncTick   stm32wlxx_hal.o
    0x08002ca2   0x08002ca2   0x00000002   PAD
    0x08002ca4   0x08002ca4   0x0000002c   Code   RO          954    .text.HAL_Init      stm32wlxx_hal.o
    0x08002cd0   0x08002cd0   0x0000004a   Code   RO          956    .text.HAL_InitTick  stm32wlxx_hal.o
    0x08002d1a   0x08002d1a   0x00000002   PAD
    0x08002d1c   0x08002d1c   0x00000036   Code   RO          364    .text.HAL_MspInit   stm32wlxx_hal_msp.o
    0x08002d52   0x08002d52   0x00000002   PAD
    0x08002d54   0x08002d54   0x00000028   Code   RO          914    .text.HAL_NVIC_DisableIRQ  stm32wlxx_hal_cortex.o
    0x08002d7c   0x08002d7c   0x00000020   Code   RO          912    .text.HAL_NVIC_EnableIRQ  stm32wlxx_hal_cortex.o
    0x08002d9c   0x08002d9c   0x00000056   Code   RO          910    .text.HAL_NVIC_SetPriority  stm32wlxx_hal_cortex.o
    0x08002df2   0x08002df2   0x00000002   PAD
    0x08002df4   0x08002df4   0x00000020   Code   RO          908    .text.HAL_NVIC_SetPriorityGrouping  stm32wlxx_hal_cortex.o
    0x08002e14   0x08002e14   0x00000070   Code   RO          886    .text.HAL_PWREx_DisableLowPowerRunMode  stm32wlxx_hal_pwr_ex.o
    0x08002e84   0x08002e84   0x00000012   Code   RO          884    .text.HAL_PWREx_EnableLowPowerRunMode  stm32wlxx_hal_pwr_ex.o
    0x08002e96   0x08002e96   0x00000002   PAD
    0x08002e98   0x08002e98   0x0000003c   Code   RO          892    .text.HAL_PWREx_EnterSTOP2Mode  stm32wlxx_hal_pwr_ex.o
    0x08002ed4   0x08002ed4   0x00000010   Code   RO          826    .text.HAL_PWREx_GetVoltageRange  stm32wlxx_hal_pwr_ex.o
    0x08002ee4   0x08002ee4   0x0000002e   Code   RO          896    .text.HAL_PWREx_PVD_PVM_IRQHandler  stm32wlxx_hal_pwr_ex.o
    0x08002f12   0x08002f12   0x00000002   PAD
    0x08002f14   0x08002f14   0x00000002   Code   RO          898    .text.HAL_PWREx_PVM3Callback  stm32wlxx_hal_pwr_ex.o
    0x08002f16   0x08002f16   0x00000002   PAD
    0x08002f18   0x08002f18   0x00000012   Code   RO          788    .text.HAL_PWR_EnableBkUpAccess  stm32wlxx_hal_pwr.o
    0x08002f2a   0x08002f2a   0x00000002   PAD
    0x08002f2c   0x08002f2c   0x0000004c   Code   RO          802    .text.HAL_PWR_EnterSLEEPMode  stm32wlxx_hal_pwr.o
    0x08002f78   0x08002f78   0x00000002   Code   RO          816    .text.HAL_PWR_PVDCallback  stm32wlxx_hal_pwr.o
    0x08002f7a   0x08002f7a   0x00000002   PAD
    0x08002f7c   0x08002f7c   0x0000020a   Code   RO          615    .text.HAL_RCCEx_PeriphCLKConfig  stm32wlxx_hal_rcc_ex.o
    0x08003186   0x08003186   0x00000002   PAD
    0x08003188   0x08003188   0x000001f6   Code   RO          582    .text.HAL_RCC_ClockConfig  stm32wlxx_hal_rcc.o
    0x0800337e   0x0800337e   0x00000002   PAD
    0x08003380   0x08003380   0x00000024   Code   RO          580    .text.HAL_RCC_GetHCLKFreq  stm32wlxx_hal_rcc.o
    0x080033a4   0x080033a4   0x00000038   Code   RO          590    .text.HAL_RCC_GetPCLK1Freq  stm32wlxx_hal_rcc.o
    0x080033dc   0x080033dc   0x00000038   Code   RO          592    .text.HAL_RCC_GetPCLK2Freq  stm32wlxx_hal_rcc.o
    0x08003414   0x08003414   0x000000ee   Code   RO          586    .text.HAL_RCC_GetSysClockFreq  stm32wlxx_hal_rcc.o
    0x08003502   0x08003502   0x00000002   PAD
    0x08003504   0x08003504   0x0000077c   Code   RO          578    .text.HAL_RCC_OscConfig  stm32wlxx_hal_rcc.o
    0x08003c80   0x08003c80   0x00000002   Code   RO         1178    .text.HAL_RTCEx_AlarmBEventCallback  stm32wlxx_hal_rtc_ex.o
    0x08003c82   0x08003c82   0x00000002   PAD
    0x08003c84   0x08003c84   0x0000000e   Code   RO         1216    .text.HAL_RTCEx_BKUPRead  stm32wlxx_hal_rtc_ex.o
    0x08003c92   0x08003c92   0x00000002   PAD
    0x08003c94   0x08003c94   0x0000000e   Code   RO         1214    .text.HAL_RTCEx_BKUPWrite  stm32wlxx_hal_rtc_ex.o
    0x08003ca2   0x08003ca2   0x00000002   PAD
    0x08003ca4   0x08003ca4   0x00000040   Code   RO         1162    .text.HAL_RTCEx_EnableBypassShadow  stm32wlxx_hal_rtc_ex.o
    0x08003ce4   0x08003ce4   0x00000020   Code   RO          205    .text.HAL_RTCEx_SSRUEventCallback  timer_if.o
    0x08003d04   0x08003d04   0x00000024   Code   RO         1174    .text.HAL_RTCEx_SSRUIRQHandler  stm32wlxx_hal_rtc_ex.o
    0x08003d28   0x08003d28   0x00000050   Code   RO         1170    .text.HAL_RTCEx_SetSSRU_IT  stm32wlxx_hal_rtc_ex.o
    0x08003d78   0x08003d78   0x00000004   Code   RO          203    .text.HAL_RTC_AlarmAEventCallback  timer_if.o
    0x08003d7c   0x08003d7c   0x00000046   Code   RO         1098    .text.HAL_RTC_AlarmIRQHandler  stm32wlxx_hal_rtc.o
    0x08003dc2   0x08003dc2   0x00000002   PAD
    0x08003dc4   0x08003dc4   0x00000086   Code   RO         1094    .text.HAL_RTC_DeactivateAlarm  stm32wlxx_hal_rtc.o
    0x08003e4a   0x08003e4a   0x00000002   PAD
    0x08003e4c   0x08003e4c   0x000000d6   Code   RO         1056    .text.HAL_RTC_Init  stm32wlxx_hal_rtc.o
    0x08003f22   0x08003f22   0x00000002   PAD
    0x08003f24   0x08003f24   0x0000007e   Code   RO          265    .text.HAL_RTC_MspInit  rtc.o
    0x08003fa2   0x08003fa2   0x00000002   PAD
    0x08003fa4   0x08003fa4   0x000001f6   Code   RO         1092    .text.HAL_RTC_SetAlarm_IT  stm32wlxx_hal_rtc.o
    0x0800419a   0x0800419a   0x00000002   PAD
    0x0800419c   0x0800419c   0x00000012   Code   RO          978    .text.HAL_ResumeTick  stm32wlxx_hal.o
    0x080041ae   0x080041ae   0x00000002   PAD
    0x080041b0   0x080041b0   0x00000028   Code   RO         2785    .text.HAL_SUBGHZ_CADStatusCallback  radio_driver.o
    0x080041d8   0x080041d8   0x0000000e   Code   RO         2783    .text.HAL_SUBGHZ_CRCErrorCallback  radio_driver.o
    0x080041e6   0x080041e6   0x00000002   PAD
    0x080041e8   0x080041e8   0x0000034a   Code   RO         1256    .text.HAL_SUBGHZ_ExecGetCmd  stm32wlxx_hal_subghz.o
    0x08004532   0x08004532   0x00000002   PAD
    0x08004534   0x08004534   0x000002be   Code   RO         1254    .text.HAL_SUBGHZ_ExecSetCmd  stm32wlxx_hal_subghz.o
    0x080047f2   0x080047f2   0x00000002   PAD
    0x080047f4   0x080047f4   0x0000000e   Code   RO         2789    .text.HAL_SUBGHZ_HeaderErrorCallback  radio_driver.o
    0x08004802   0x08004802   0x00000002   PAD
    0x08004804   0x08004804   0x0000000e   Code   RO         2795    .text.HAL_SUBGHZ_HeaderValidCallback  radio_driver.o
    0x08004812   0x08004812   0x00000002   PAD
    0x08004814   0x08004814   0x000000b4   Code   RO         1262    .text.HAL_SUBGHZ_IRQHandler  stm32wlxx_hal_subghz.o
    0x080048c8   0x080048c8   0x000000fe   Code   RO         1226    .text.HAL_SUBGHZ_Init  stm32wlxx_hal_subghz.o
    0x080049c6   0x080049c6   0x00000002   PAD
    0x080049c8   0x080049c8   0x00000032   Code   RO          280    .text.HAL_SUBGHZ_MspInit  subghz.o
    0x080049fa   0x080049fa   0x00000002   PAD
    0x080049fc   0x080049fc   0x0000000e   Code   RO         2791    .text.HAL_SUBGHZ_PreambleDetectedCallback  radio_driver.o
    0x08004a0a   0x08004a0a   0x00000002   PAD
    0x08004a0c   0x08004a0c   0x000003f2   Code   RO         1260    .text.HAL_SUBGHZ_ReadBuffer  stm32wlxx_hal_subghz.o
    0x08004dfe   0x08004dfe   0x00000002   PAD
    0x08004e00   0x08004e00   0x00000496   Code   RO         1246    .text.HAL_SUBGHZ_ReadRegisters  stm32wlxx_hal_subghz.o
    0x08005296   0x08005296   0x00000002   PAD
    0x08005298   0x08005298   0x0000000e   Code   RO         2781    .text.HAL_SUBGHZ_RxCpltCallback  radio_driver.o
    0x080052a6   0x080052a6   0x00000002   PAD
    0x080052a8   0x080052a8   0x00000010   Code   RO         2787    .text.HAL_SUBGHZ_RxTxTimeoutCallback  radio_driver.o
    0x080052b8   0x080052b8   0x0000000e   Code   RO         2793    .text.HAL_SUBGHZ_SyncWordValidCallback  radio_driver.o
    0x080052c6   0x080052c6   0x00000002   PAD
    0x080052c8   0x080052c8   0x0000000e   Code   RO         2779    .text.HAL_SUBGHZ_TxCpltCallback  radio_driver.o
    0x080052d6   0x080052d6   0x00000002   PAD
    0x080052d8   0x080052d8   0x0000034a   Code   RO         1258    .text.HAL_SUBGHZ_WriteBuffer  stm32wlxx_hal_subghz.o
    0x08005622   0x08005622   0x00000002   PAD
    0x08005624   0x08005624   0x00000404   Code   RO         1238    .text.HAL_SUBGHZ_WriteRegisters  stm32wlxx_hal_subghz.o
    0x08005a28   0x08005a28   0x0000002c   Code   RO          920    .text.HAL_SYSTICK_Config  stm32wlxx_hal_cortex.o
    0x08005a54   0x08005a54   0x00000012   Code   RO          976    .text.HAL_SuspendTick  stm32wlxx_hal.o
    0x08005a66   0x08005a66   0x00000002   PAD
    0x08005a68   0x08005a68   0x00000036   Code   RO         1458    .text.HAL_UARTEx_DisableFifoMode  stm32wlxx_hal_uart_ex.o
    0x08005a9e   0x08005a9e   0x00000002   PAD
    0x08005aa0   0x08005aa0   0x00000068   Code   RO         1452    .text.HAL_UARTEx_EnableStopMode  stm32wlxx_hal_uart_ex.o
    0x08005b08   0x08005b08   0x00000002   Code   RO         1386    .text.HAL_UARTEx_RxEventCallback  stm32wlxx_hal_uart.o
    0x08005b0a   0x08005b0a   0x00000002   PAD
    0x08005b0c   0x08005b0c   0x00000002   Code   RO         1444    .text.HAL_UARTEx_RxFifoFullCallback  stm32wlxx_hal_uart_ex.o
    0x08005b0e   0x08005b0e   0x00000002   PAD
    0x08005b10   0x08005b10   0x00000090   Code   RO         1462    .text.HAL_UARTEx_SetRxFifoThreshold  stm32wlxx_hal_uart_ex.o
    0x08005ba0   0x08005ba0   0x00000090   Code   RO         1460    .text.HAL_UARTEx_SetTxFifoThreshold  stm32wlxx_hal_uart_ex.o
    0x08005c30   0x08005c30   0x0000008e   Code   RO         1450    .text.HAL_UARTEx_StopModeWakeUpSourceConfig  stm32wlxx_hal_uart_ex.o
    0x08005cbe   0x08005cbe   0x00000002   PAD
    0x08005cc0   0x08005cc0   0x00000002   Code   RO         1446    .text.HAL_UARTEx_TxFifoEmptyCallback  stm32wlxx_hal_uart_ex.o
    0x08005cc2   0x08005cc2   0x00000002   PAD
    0x08005cc4   0x08005cc4   0x00000002   Code   RO         1442    .text.HAL_UARTEx_WakeupCallback  stm32wlxx_hal_uart_ex.o
    0x08005cc6   0x08005cc6   0x00000002   PAD
    0x08005cc8   0x08005cc8   0x00000002   Code   RO         1384    .text.HAL_UART_ErrorCallback  stm32wlxx_hal_uart.o
    0x08005cca   0x08005cca   0x00000002   PAD
    0x08005ccc   0x08005ccc   0x0000062e   Code   RO         1380    .text.HAL_UART_IRQHandler  stm32wlxx_hal_uart.o
    0x080062fa   0x080062fa   0x00000002   PAD
    0x080062fc   0x080062fc   0x000000c6   Code   RO         1296    .text.HAL_UART_Init  stm32wlxx_hal_uart.o
    0x080063c2   0x080063c2   0x00000002   PAD
    0x080063c4   0x080063c4   0x0000006a   Code   RO          299    .text.HAL_UART_MspDeInit  usart.o
    0x0800642e   0x0800642e   0x00000002   PAD
    0x08006430   0x08006430   0x0000018a   Code   RO          297    .text.HAL_UART_MspInit  usart.o
    0x080065ba   0x080065ba   0x00000002   PAD
    0x080065bc   0x080065bc   0x000000b8   Code   RO         1332    .text.HAL_UART_Receive_IT  stm32wlxx_hal_uart.o
    0x08006674   0x08006674   0x0000005c   Code   RO          250    .text.HAL_UART_RxCpltCallback  usart_if.o
    0x080066d0   0x080066d0   0x000000da   Code   RO         1316    .text.HAL_UART_Transmit  stm32wlxx_hal_uart.o
    0x080067aa   0x080067aa   0x00000002   PAD
    0x080067ac   0x080067ac   0x000000f8   Code   RO         1336    .text.HAL_UART_Transmit_DMA  stm32wlxx_hal_uart.o
    0x080068a4   0x080068a4   0x0000000e   Code   RO          248    .text.HAL_UART_TxCpltCallback  usart_if.o
    0x080068b2   0x080068b2   0x00000002   PAD
    0x080068b4   0x080068b4   0x00000002   Code   RO         1390    .text.HAL_UART_TxHalfCpltCallback  stm32wlxx_hal_uart.o
    0x080068b6   0x080068b6   0x00000002   PAD
    0x080068b8   0x080068b8   0x000000e6   Code   RO         2281    .text.HandleRadioRxErrorTimeout  loramac.o
    0x0800699e   0x0800699e   0x00000002   PAD
    0x080069a0   0x080069a0   0x00000002   Code   RO          319    .text.HardFault_Handler  stm32wlxx_it.o
    0x080069a2   0x080069a2   0x00000002   PAD
    0x080069a4   0x080069a4   0x0000010e   Code   RO         2513    .text.LmHandlerConfigure  lmhandler.o
    0x08006ab2   0x08006ab2   0x00000002   PAD
    0x08006ab4   0x08006ab4   0x0000001c   Code   RO         2531    .text.LmHandlerDeviceTimeReq  lmhandler.o
    0x08006ad0   0x08006ad0   0x0000009a   Code   RO         2501    .text.LmHandlerInit  lmhandler.o
    0x08006b6a   0x08006b6a   0x00000002   PAD
    0x08006b6c   0x08006b6c   0x00000098   Code   RO         2519    .text.LmHandlerJoin  lmhandler.o
    0x08006c04   0x08006c04   0x0000012a   Code   RO         2613    .text.LmHandlerPackagesNotify  lmhandler.o
    0x08006d2e   0x08006d2e   0x00000002   PAD
    0x08006d30   0x08006d30   0x00000084   Code   RO         2521    .text.LmHandlerProcess  lmhandler.o
    0x08006db4   0x08006db4   0x000000b8   Code   RO         2523    .text.LmHandlerRequestClass  lmhandler.o
    0x08006e6c   0x08006e6c   0x00000136   Code   RO         2527    .text.LmHandlerSend  lmhandler.o
    0x08006fa2   0x08006fa2   0x00000002   PAD
    0x08006fa4   0x08006fa4   0x00000026   Code   RO         2581    .text.LmHandlerSetRX2Params  lmhandler.o
    0x08006fca   0x08006fca   0x00000002   PAD
    0x08006fcc   0x08006fcc   0x00000024   Code   RO         1497    .text.LmhpComplianceInit  lmhpcompliance.o
    0x08006ff0   0x08006ff0   0x0000000c   Code   RO         1499    .text.LmhpComplianceIsInitialized  lmhpcompliance.o
    0x08006ffc   0x08006ffc   0x00000014   Code   RO         1501    .text.LmhpComplianceIsRunning  lmhpcompliance.o
    0x08007010   0x08007010   0x0000002a   Code   RO         1505    .text.LmhpComplianceOnMcpsConfirm  lmhpcompliance.o
    0x0800703a   0x0800703a   0x00000002   PAD
    0x0800703c   0x0800703c   0x000002ee   Code   RO         1507    .text.LmhpComplianceOnMcpsIndication  lmhpcompliance.o
    0x0800732a   0x0800732a   0x00000002   PAD
    0x0800732c   0x0800732c   0x0000002a   Code   RO         1509    .text.LmhpComplianceOnMlmeConfirm  lmhpcompliance.o
    0x08007356   0x08007356   0x00000002   PAD
    0x08007358   0x08007358   0x0000000a   Code   RO         1495    .text.LmhpCompliancePackageFactory  lmhpcompliance.o
    0x08007362   0x08007362   0x00000002   PAD
    0x08007364   0x08007364   0x00000002   Code   RO         1503    .text.LmhpComplianceProcess  lmhpcompliance.o
    0x08007366   0x08007366   0x00000002   PAD
    0x08007368   0x08007368   0x000000d0   Code   RO         2296    .text.LoRaMacAdrCalcNext  loramacadr.o
    0x08007438   0x08007438   0x00000004   Code   RO         2353    .text.LoRaMacClassBBeaconFreqReq  loramacclassb.o
    0x0800743c   0x0800743c   0x00000002   Code   RO         2315    .text.LoRaMacClassBBeaconTimerEvent  loramacclassb.o
    0x0800743e   0x0800743e   0x00000002   PAD
    0x08007440   0x08007440   0x00000002   Code   RO         2349    .text.LoRaMacClassBBeaconTimingAns  loramacclassb.o
    0x08007442   0x08007442   0x00000002   PAD
    0x08007444   0x08007444   0x00000002   Code   RO         2351    .text.LoRaMacClassBDeviceTimeAns  loramacclassb.o
    0x08007446   0x08007446   0x00000002   PAD
    0x08007448   0x08007448   0x00000002   Code   RO         2335    .text.LoRaMacClassBHaltBeaconing  loramacclassb.o
    0x0800744a   0x0800744a   0x00000002   PAD
    0x0800744c   0x0800744c   0x00000002   Code   RO         2305    .text.LoRaMacClassBInit  loramacclassb.o
    0x0800744e   0x0800744e   0x00000002   PAD
    0x08007450   0x08007450   0x00000004   Code   RO         2313    .text.LoRaMacClassBIsAcquisitionInProgress  loramacclassb.o
    0x08007454   0x08007454   0x00000004   Code   RO         2323    .text.LoRaMacClassBIsBeaconExpected  loramacclassb.o
    0x08007458   0x08007458   0x00000004   Code   RO         2331    .text.LoRaMacClassBIsBeaconModeActive  loramacclassb.o
    0x0800745c   0x0800745c   0x00000004   Code   RO         2327    .text.LoRaMacClassBIsMulticastExpected  loramacclassb.o
    0x08007460   0x08007460   0x00000004   Code   RO         2325    .text.LoRaMacClassBIsPingExpected  loramacclassb.o
    0x08007464   0x08007464   0x00000004   Code   RO         2355    .text.LoRaMacClassBIsUplinkCollision  loramacclassb.o
    0x08007468   0x08007468   0x00000004   Code   RO         2341    .text.LoRaMacClassBMibGetRequestConfirm  loramacclassb.o
    0x0800746c   0x0800746c   0x00000002   Code   RO         2319    .text.LoRaMacClassBMulticastSlotTimerEvent  loramacclassb.o
    0x0800746e   0x0800746e   0x00000002   PAD
    0x08007470   0x08007470   0x00000004   Code   RO         2347    .text.LoRaMacClassBPingSlotChannelReq  loramacclassb.o
    0x08007474   0x08007474   0x00000002   Code   RO         2345    .text.LoRaMacClassBPingSlotInfoAns  loramacclassb.o
    0x08007476   0x08007476   0x00000002   PAD
    0x08007478   0x08007478   0x00000002   Code   RO         2317    .text.LoRaMacClassBPingSlotTimerEvent  loramacclassb.o
    0x0800747a   0x0800747a   0x00000002   PAD
    0x0800747c   0x0800747c   0x00000002   Code   RO         2363    .text.LoRaMacClassBProcess  loramacclassb.o
    0x0800747e   0x0800747e   0x00000002   PAD
    0x08007480   0x08007480   0x00000002   Code   RO         2337    .text.LoRaMacClassBResumeBeaconing  loramacclassb.o
    0x08007482   0x08007482   0x00000002   PAD
    0x08007484   0x08007484   0x00000004   Code   RO         2321    .text.LoRaMacClassBRxBeacon  loramacclassb.o
    0x08007488   0x08007488   0x00000002   Code   RO         2307    .text.LoRaMacClassBSetBeaconState  loramacclassb.o
    0x0800748a   0x0800748a   0x00000002   PAD
    0x0800748c   0x0800748c   0x00000002   Code   RO         2311    .text.LoRaMacClassBSetMulticastSlotState  loramacclassb.o
    0x0800748e   0x0800748e   0x00000002   PAD
    0x08007490   0x08007490   0x00000002   Code   RO         2333    .text.LoRaMacClassBSetPingSlotInfo  loramacclassb.o
    0x08007492   0x08007492   0x00000002   PAD
    0x08007494   0x08007494   0x00000002   Code   RO         2309    .text.LoRaMacClassBSetPingSlotState  loramacclassb.o
    0x08007496   0x08007496   0x00000002   PAD
    0x08007498   0x08007498   0x00000002   Code   RO         2357    .text.LoRaMacClassBStopRxSlots  loramacclassb.o
    0x0800749a   0x0800749a   0x00000002   PAD
    0x0800749c   0x0800749c   0x00000004   Code   RO         2339    .text.LoRaMacClassBSwitchClass  loramacclassb.o
    0x080074a0   0x080074a0   0x0000015e   Code   RO         2375    .text.LoRaMacCommandsAddCmd  loramaccommands.o
    0x080075fe   0x080075fe   0x00000002   PAD
    0x08007600   0x08007600   0x0000003e   Code   RO         2391    .text.LoRaMacCommandsGetCmdSize  loramaccommands.o
    0x0800763e   0x0800763e   0x00000002   PAD
    0x08007640   0x08007640   0x0000001a   Code   RO         2385    .text.LoRaMacCommandsGetSizeSerializedCmds  loramaccommands.o
    0x0800765a   0x0800765a   0x00000002   PAD
    0x0800765c   0x0800765c   0x0000001e   Code   RO         2373    .text.LoRaMacCommandsInit  loramaccommands.o
    0x0800767a   0x0800767a   0x00000002   PAD
    0x0800767c   0x0800767c   0x00000084   Code   RO         2381    .text.LoRaMacCommandsRemoveNoneStickyCmds  loramaccommands.o
    0x08007700   0x08007700   0x00000096   Code   RO         2383    .text.LoRaMacCommandsRemoveStickyAnsCmds  loramaccommands.o
    0x08007796   0x08007796   0x00000002   PAD
    0x08007798   0x08007798   0x000000d4   Code   RO         2387    .text.LoRaMacCommandsSerializeCmds  loramaccommands.o
    0x0800786c   0x0800786c   0x00000052   Code   RO         2389    .text.LoRaMacCommandsStickyCmdsPending  loramaccommands.o
    0x080078be   0x080078be   0x00000002   PAD
    0x080078c0   0x080078c0   0x0000004a   Code   RO         2404    .text.LoRaMacConfirmQueueAdd  loramacconfirmqueue.o
    0x0800790a   0x0800790a   0x00000002   PAD
    0x0800790c   0x0800790c   0x0000000e   Code   RO         2422    .text.LoRaMacConfirmQueueGetCnt  loramacconfirmqueue.o
    0x0800791a   0x0800791a   0x00000002   PAD
    0x0800791c   0x0800791c   0x00000086   Code   RO         2412    .text.LoRaMacConfirmQueueGetStatus  loramacconfirmqueue.o
    0x080079a2   0x080079a2   0x00000002   PAD
    0x080079a4   0x080079a4   0x000000c2   Code   RO         2420    .text.LoRaMacConfirmQueueHandleCb  loramacconfirmqueue.o
    0x08007a66   0x08007a66   0x00000002   PAD
    0x08007a68   0x08007a68   0x0000002c   Code   RO         2402    .text.LoRaMacConfirmQueueInit  loramacconfirmqueue.o
    0x08007a94   0x08007a94   0x00000096   Code   RO         2418    .text.LoRaMacConfirmQueueIsCmdActive  loramacconfirmqueue.o
    0x08007b2a   0x08007b2a   0x00000002   PAD
    0x08007b2c   0x08007b2c   0x00000016   Code   RO         2424    .text.LoRaMacConfirmQueueIsFull  loramacconfirmqueue.o
    0x08007b42   0x08007b42   0x00000002   PAD
    0x08007b44   0x08007b44   0x0000008e   Code   RO         2410    .text.LoRaMacConfirmQueueSetStatus  loramacconfirmqueue.o
    0x08007bd2   0x08007bd2   0x00000002   PAD
    0x08007bd4   0x08007bd4   0x0000008a   Code   RO         2414    .text.LoRaMacConfirmQueueSetStatusCmn  loramacconfirmqueue.o
    0x08007c5e   0x08007c5e   0x00000002   PAD
    0x08007c60   0x08007c60   0x000000de   Code   RO         2441    .text.LoRaMacCryptoGetFCntDown  loramaccrypto.o
    0x08007d3e   0x08007d3e   0x00000002   PAD
    0x08007d40   0x08007d40   0x0000001c   Code   RO         2439    .text.LoRaMacCryptoGetFCntUp  loramaccrypto.o
    0x08007d5c   0x08007d5c   0x00000184   Code   RO         2453    .text.LoRaMacCryptoHandleJoinAccept  loramaccrypto.o
    0x08007ee0   0x08007ee0   0x0000003c   Code   RO         2435    .text.LoRaMacCryptoInit  loramaccrypto.o
    0x08007f1c   0x08007f1c   0x00000064   Code   RO         2451    .text.LoRaMacCryptoPrepareJoinRequest  loramaccrypto.o
    0x08007f80   0x08007f80   0x000000e4   Code   RO         2455    .text.LoRaMacCryptoSecureMessage  loramaccrypto.o
    0x08008064   0x08008064   0x00000062   Code   RO         2445    .text.LoRaMacCryptoSetKey  loramaccrypto.o
    0x080080c6   0x080080c6   0x00000002   PAD
    0x080080c8   0x080080c8   0x00000012   Code   RO         2437    .text.LoRaMacCryptoSetLrWanVersion  loramaccrypto.o
    0x080080da   0x080080da   0x00000002   PAD
    0x080080dc   0x080080dc   0x0000001a   Code   RO         2443    .text.LoRaMacCryptoSetMulticastReference  loramaccrypto.o
    0x080080f6   0x080080f6   0x00000002   PAD
    0x080080f8   0x080080f8   0x000001d6   Code   RO         2459    .text.LoRaMacCryptoUnsecureMessage  loramaccrypto.o
    0x080082ce   0x080082ce   0x00000002   PAD
    0x080082d0   0x080082d0   0x0000039a   Code   RO         2225    .text.LoRaMacInitialization  loramac.o
    0x0800866a   0x0800866a   0x00000002   PAD
    0x0800866c   0x0800866c   0x0000001c   Code   RO         2221    .text.LoRaMacIsBusy  loramac.o
    0x08008688   0x08008688   0x00000374   Code   RO         2273    .text.LoRaMacMcpsRequest  loramac.o
    0x080089fc   0x080089fc   0x00000004   Code   RO         2343    .text.LoRaMacMibClassBSetRequestConfirm  loramacclassb.o
    0x08008a00   0x08008a00   0x00000294   Code   RO         2253    .text.LoRaMacMibGetRequestConfirm  loramac.o
    0x08008c94   0x08008c94   0x00000648   Code   RO         2255    .text.LoRaMacMibSetRequestConfirm  loramac.o
    0x080092dc   0x080092dc   0x00000272   Code   RO         2271    .text.LoRaMacMlmeRequest  loramac.o
    0x0800954e   0x0800954e   0x00000002   PAD
    0x08009550   0x08009550   0x000000be   Code   RO         2475    .text.LoRaMacParserData  loramacparser.o
    0x0800960e   0x0800960e   0x00000002   PAD
    0x08009610   0x08009610   0x0000009a   Code   RO         2473    .text.LoRaMacParserJoinAccept  loramacparser.o
    0x080096aa   0x080096aa   0x00000002   PAD
    0x080096ac   0x080096ac   0x00000c84   Code   RO         2223    .text.LoRaMacProcess  loramac.o
    0x0800a330   0x0800a330   0x000000e8   Code   RO         2251    .text.LoRaMacQueryTxPossible  loramac.o
    0x0800a418   0x0800a418   0x000000d2   Code   RO         2491    .text.LoRaMacSerializerData  loramacserializer.o
    0x0800a4ea   0x0800a4ea   0x00000002   PAD
    0x0800a4ec   0x0800a4ec   0x00000064   Code   RO         2485    .text.LoRaMacSerializerJoinRequest  loramacserializer.o
    0x0800a550   0x0800a550   0x00000012   Code   RO         2247    .text.LoRaMacStart  loramac.o
    0x0800a562   0x0800a562   0x00000002   PAD
    0x0800a564   0x0800a564   0x0000002a   Code   RO         2275    .text.LoRaMacTestSetDutyCycleOn  loramac.o
    0x0800a58e   0x0800a58e   0x00000002   PAD
    0x0800a590   0x0800a590   0x00000090   Code   RO          447    .text.LoRaWAN_Init  lora_app.o
    0x0800a620   0x0800a620   0x0000000a   Code   RO          477    .text.LoraInfo_GetPtr  lora_info.o
    0x0800a62a   0x0800a62a   0x00000002   PAD
    0x0800a62c   0x0800a62c   0x00000018   Code   RO          475    .text.LoraInfo_Init  lora_info.o
    0x0800a644   0x0800a644   0x0000005a   Code   RO           69    .text.MX_ADC_Init   adc.o
    0x0800a69e   0x0800a69e   0x00000002   PAD
    0x0800a6a0   0x0800a6a0   0x00000054   Code   RO           84    .text.MX_DMA_Init   dma.o
    0x0800a6f4   0x0800a6f4   0x00000060   Code   RO           60    .text.MX_GPIO_Init  gpio.o
    0x0800a754   0x0800a754   0x0000000e   Code   RO          392    .text.MX_LoRaWAN_Init  app_lorawan.o
    0x0800a762   0x0800a762   0x00000002   PAD
    0x0800a764   0x0800a764   0x00000008   Code   RO          394    .text.MX_LoRaWAN_Process  app_lorawan.o
    0x0800a76c   0x0800a76c   0x00000098   Code   RO          263    .text.MX_RTC_Init   rtc.o
    0x0800a804   0x0800a804   0x00000020   Code   RO          278    .text.MX_SUBGHZ_Init  subghz.o
    0x0800a824   0x0800a824   0x00000082   Code   RO          293    .text.MX_USART1_UART_Init  usart.o
    0x0800a8a6   0x0800a8a6   0x00000002   PAD
    0x0800a8a8   0x0800a8a8   0x00000082   Code   RO          295    .text.MX_USART2_UART_Init  usart.o
    0x0800a92a   0x0800a92a   0x00000002   PAD
    0x0800a92c   0x0800a92c   0x0000007e   Code   RO         2503    .text.McpsConfirm   lmhandler.o
    0x0800a9aa   0x0800a9aa   0x00000002   PAD
    0x0800a9ac   0x0800a9ac   0x000000aa   Code   RO         2505    .text.McpsIndication  lmhandler.o
    0x0800aa56   0x0800aa56   0x00000002   PAD
    0x0800aa58   0x0800aa58   0x00000002   Code   RO          321    .text.MemManage_Handler  stm32wlxx_it.o
    0x0800aa5a   0x0800aa5a   0x00000002   PAD
    0x0800aa5c   0x0800aa5c   0x000000da   Code   RO         2507    .text.MlmeConfirm   lmhandler.o
    0x0800ab36   0x0800ab36   0x00000002   PAD
    0x0800ab38   0x0800ab38   0x0000005c   Code   RO         2509    .text.MlmeIndication  lmhandler.o
    0x0800ab94   0x0800ab94   0x00000002   Code   RO          317    .text.NMI_Handler   stm32wlxx_it.o
    0x0800ab96   0x0800ab96   0x00000002   PAD
    0x0800ab98   0x0800ab98   0x00000002   Code   RO         2627    .text.NvmDataMgmtEvent  nvmdatamgmt.o
    0x0800ab9a   0x0800ab9a   0x00000002   PAD
    0x0800ab9c   0x0800ab9c   0x00000004   Code   RO         2631    .text.NvmDataMgmtRestore  nvmdatamgmt.o
    0x0800aba0   0x0800aba0   0x00000004   Code   RO         2629    .text.NvmDataMgmtStore  nvmdatamgmt.o
    0x0800aba4   0x0800aba4   0x00000052   Code   RO         2235    .text.OnAckTimeoutTimerEvent  loramac.o
    0x0800abf6   0x0800abf6   0x00000002   PAD
    0x0800abf8   0x0800abf8   0x00000086   Code   RO         1511    .text.OnComplianceTxNextPacketTimerEvent  lmhpcompliance.o
    0x0800ac7e   0x0800ac7e   0x00000002   PAD
    0x0800ac80   0x0800ac80   0x00000034   Code   RO          457    .text.OnJoinRequest  lora_app.o
    0x0800acb4   0x0800acb4   0x00000008   Code   RO          455    .text.OnMacProcessNotify  lora_app.o
    0x0800acbc   0x0800acbc   0x00000048   Code   RO         2239    .text.OnRadioRxDone  loramac.o
    0x0800ad04   0x0800ad04   0x0000002a   Code   RO         2241    .text.OnRadioRxError  loramac.o
    0x0800ad2e   0x0800ad2e   0x00000002   PAD
    0x0800ad30   0x0800ad30   0x0000002a   Code   RO         2245    .text.OnRadioRxTimeout  loramac.o
    0x0800ad5a   0x0800ad5a   0x00000002   PAD
    0x0800ad5c   0x0800ad5c   0x00000042   Code   RO         2237    .text.OnRadioTxDone  loramac.o
    0x0800ad9e   0x0800ad9e   0x00000002   PAD
    0x0800ada0   0x0800ada0   0x0000002a   Code   RO         2243    .text.OnRadioTxTimeout  loramac.o
    0x0800adca   0x0800adca   0x00000002   PAD
    0x0800adcc   0x0800adcc   0x00000002   Code   RO          461    .text.OnRxData      lora_app.o
    0x0800adce   0x0800adce   0x00000002   PAD
    0x0800add0   0x0800add0   0x00000074   Code   RO         2231    .text.OnRxWindow1TimerEvent  loramac.o
    0x0800ae44   0x0800ae44   0x0000007a   Code   RO         2233    .text.OnRxWindow2TimerEvent  loramac.o
    0x0800aebe   0x0800aebe   0x00000002   PAD
    0x0800aec0   0x0800aec0   0x00000002   Code   RO          459    .text.OnTxData      lora_app.o
    0x0800aec2   0x0800aec2   0x00000002   PAD
    0x0800aec4   0x0800aec4   0x0000008e   Code   RO         2229    .text.OnTxDelayedTimerEvent  loramac.o
    0x0800af52   0x0800af52   0x00000002   PAD
    0x0800af54   0x0800af54   0x00000044   Code   RO          451    .text.OnTxTimerEvent  lora_app.o
    0x0800af98   0x0800af98   0x00000004   Code   RO          335    .text.PVD_PVM_IRQHandler  stm32wlxx_it.o
    0x0800af9c   0x0800af9c   0x00000002   Code   RO          102    .text.PWR_EnterOffMode  stm32_lpm_if.o
    0x0800af9e   0x0800af9e   0x00000002   PAD
    0x0800afa0   0x0800afa0   0x00000012   Code   RO           94    .text.PWR_EnterSleepMode  stm32_lpm_if.o
    0x0800afb2   0x0800afb2   0x00000002   PAD
    0x0800afb4   0x0800afb4   0x0000001c   Code   RO           98    .text.PWR_EnterStopMode  stm32_lpm_if.o
    0x0800afd0   0x0800afd0   0x00000002   Code   RO          104    .text.PWR_ExitOffMode  stm32_lpm_if.o
    0x0800afd2   0x0800afd2   0x00000002   PAD
    0x0800afd4   0x0800afd4   0x00000004   Code   RO           96    .text.PWR_ExitSleepMode  stm32_lpm_if.o
    0x0800afd8   0x0800afd8   0x0000000e   Code   RO          100    .text.PWR_ExitStopMode  stm32_lpm_if.o
    0x0800afe6   0x0800afe6   0x00000002   PAD
    0x0800afe8   0x0800afe8   0x0000010c   Code   RO         2457    .text.PayloadEncrypt  loramaccrypto.o
    0x0800b0f4   0x0800b0f4   0x00000002   Code   RO          331    .text.PendSV_Handler  stm32wlxx_it.o
    0x0800b0f6   0x0800b0f6   0x00000002   PAD
    0x0800b0f8   0x0800b0f8   0x00000554   Code   RO         2279    .text.ProcessMacCommands  loramac.o
    0x0800b64c   0x0800b64c   0x00000004   Code   RO          376    .text.RBI_ConfigRFSwitch  radio_board_if.o
    0x0800b650   0x0800b650   0x00000004   Code   RO          378    .text.RBI_GetTxConfig  radio_board_if.o
    0x0800b654   0x0800b654   0x00000004   Code   RO          372    .text.RBI_Init      radio_board_if.o
    0x0800b658   0x0800b658   0x00000004   Code   RO          382    .text.RBI_IsDCDC    radio_board_if.o
    0x0800b65c   0x0800b65c   0x00000004   Code   RO          380    .text.RBI_IsTCXO    radio_board_if.o
    0x0800b660   0x0800b660   0x00000002   Code   RO          341    .text.RCC_IRQHandler  stm32wlxx_it.o
    0x0800b662   0x0800b662   0x00000002   PAD
    0x0800b664   0x0800b664   0x00000002   Code   RO         2817    .text.RFW_DeInit    radio_fw.o
    0x0800b666   0x0800b666   0x00000002   PAD
    0x0800b668   0x0800b668   0x00000002   Code   RO         2829    .text.RFW_DeInit_TxLongPacket  radio_fw.o
    0x0800b66a   0x0800b66a   0x00000002   PAD
    0x0800b66c   0x0800b66c   0x00000006   Code   RO         2815    .text.RFW_Init      radio_fw.o
    0x0800b672   0x0800b672   0x00000002   PAD
    0x0800b674   0x0800b674   0x00000004   Code   RO         2819    .text.RFW_Is_Init   radio_fw.o
    0x0800b678   0x0800b678   0x00000004   Code   RO         2821    .text.RFW_Is_LongPacketModeEnabled  radio_fw.o
    0x0800b67c   0x0800b67c   0x00000006   Code   RO         2827    .text.RFW_ReceiveInit  radio_fw.o
    0x0800b682   0x0800b682   0x00000002   PAD
    0x0800b684   0x0800b684   0x00000006   Code   RO         2813    .text.RFW_ReceiveLongPacket  radio_fw.o
    0x0800b68a   0x0800b68a   0x00000002   PAD
    0x0800b68c   0x0800b68c   0x00000002   Code   RO         2831    .text.RFW_ReceivePayload  radio_fw.o
    0x0800b68e   0x0800b68e   0x00000002   PAD
    0x0800b690   0x0800b690   0x00000002   Code   RO         2823    .text.RFW_SetAntSwitch  radio_fw.o
    0x0800b692   0x0800b692   0x00000002   PAD
    0x0800b694   0x0800b694   0x00000002   Code   RO         2833    .text.RFW_SetRadioModem  radio_fw.o
    0x0800b696   0x0800b696   0x00000002   PAD
    0x0800b698   0x0800b698   0x00000006   Code   RO         2825    .text.RFW_TransmitInit  radio_fw.o
    0x0800b69e   0x0800b69e   0x00000002   PAD
    0x0800b6a0   0x0800b6a0   0x00000006   Code   RO         2811    .text.RFW_TransmitLongPacket  radio_fw.o
    0x0800b6a6   0x0800b6a6   0x00000002   PAD
    0x0800b6a8   0x0800b6a8   0x00000024   Code   RO          353    .text.RTC_Alarm_IRQHandler  stm32wlxx_it.o
    0x0800b6cc   0x0800b6cc   0x0000008a   Code   RO         1062    .text.RTC_ExitInitMode  stm32wlxx_hal_rtc.o
    0x0800b756   0x0800b756   0x00000002   PAD
    0x0800b758   0x0800b758   0x00000004   Code   RO         2859    .text.RadioCheckRfFrequency  radio.o
    0x0800b75c   0x0800b75c   0x00000024   Code   RO         2845    .text.RadioGetStatus  radio.o
    0x0800b780   0x0800b780   0x0000000a   Code   RO         2889    .text.RadioGetWakeupTime  radio.o
    0x0800b78a   0x0800b78a   0x00000002   PAD
    0x0800b78c   0x0800b78c   0x000000a6   Code   RO         2843    .text.RadioInit     radio.o
    0x0800b832   0x0800b832   0x00000002   PAD
    0x0800b834   0x0800b834   0x0000025a   Code   RO         2891    .text.RadioIrqProcess  radio.o
    0x0800ba8e   0x0800ba8e   0x00000002   PAD
    0x0800ba90   0x0800ba90   0x00000152   Code   RO         2851    .text.RadioIsChannelFree  radio.o
    0x0800bbe2   0x0800bbe2   0x00000002   PAD
    0x0800bbe4   0x0800bbe4   0x00000010   Code   RO         2905    .text.RadioOnDioIrq  radio.o
    0x0800bbf4   0x0800bbf4   0x00000018   Code   RO         2909    .text.RadioOnRxTimeoutIrq  radio.o
    0x0800bc0c   0x0800bc0c   0x00000018   Code   RO         2907    .text.RadioOnTxTimeoutIrq  radio.o
    0x0800bc24   0x0800bc24   0x00000044   Code   RO         2853    .text.RadioRandom   radio.o
    0x0800bc68   0x0800bc68   0x00000004   Code   RO         2879    .text.RadioRead     radio.o
    0x0800bc6c   0x0800bc6c   0x00000004   Code   RO         2883    .text.RadioReadRegisters  radio.o
    0x0800bc70   0x0800bc70   0x00000008   Code   RO         2875    .text.RadioRssi     radio.o
    0x0800bc78   0x0800bc78   0x00000068   Code   RO         2869    .text.RadioRx       radio.o
    0x0800bce0   0x0800bce0   0x00000068   Code   RO         2893    .text.RadioRxBoosted  radio.o
    0x0800bd48   0x0800bd48   0x00000254   Code   RO         2863    .text.RadioSend     radio.o
    0x0800bf9c   0x0800bf9c   0x00000004   Code   RO         2849    .text.RadioSetChannel  radio.o
    0x0800bfa0   0x0800bfa0   0x00000038   Code   RO         2885    .text.RadioSetMaxPayloadLength  radio.o
    0x0800bfd8   0x0800bfd8   0x0000005a   Code   RO         2847    .text.RadioSetModem  radio.o
    0x0800c032   0x0800c032   0x00000002   PAD
    0x0800c034   0x0800c034   0x0000005a   Code   RO         2887    .text.RadioSetPublicNetwork  radio.o
    0x0800c08e   0x0800c08e   0x00000002   PAD
    0x0800c090   0x0800c090   0x000002e4   Code   RO         2855    .text.RadioSetRxConfig  radio.o
    0x0800c374   0x0800c374   0x00000026   Code   RO         2895    .text.RadioSetRxDutyCycle  radio.o
    0x0800c39a   0x0800c39a   0x00000002   PAD
    0x0800c39c   0x0800c39c   0x000002b6   Code   RO         2901    .text.RadioSetRxGenericConfig  radio.o
    0x0800c652   0x0800c652   0x00000002   PAD
    0x0800c654   0x0800c654   0x000001b2   Code   RO         2857    .text.RadioSetTxConfig  radio.o
    0x0800c806   0x0800c806   0x00000002   PAD
    0x0800c808   0x0800c808   0x0000003c   Code   RO         2873    .text.RadioSetTxContinuousWave  radio.o
    0x0800c844   0x0800c844   0x00000286   Code   RO         2903    .text.RadioSetTxGenericConfig  radio.o
    0x0800caca   0x0800caca   0x00000002   PAD
    0x0800cacc   0x0800cacc   0x00000012   Code   RO         2865    .text.RadioSleep    radio.o
    0x0800cade   0x0800cade   0x00000002   PAD
    0x0800cae0   0x0800cae0   0x00000006   Code   RO         2867    .text.RadioStandby  radio.o
    0x0800cae6   0x0800cae6   0x00000002   PAD
    0x0800cae8   0x0800cae8   0x0000002c   Code   RO         2871    .text.RadioStartCad  radio.o
    0x0800cb14   0x0800cb14   0x000001d8   Code   RO         2861    .text.RadioTimeOnAir  radio.o
    0x0800ccec   0x0800ccec   0x00000014   Code   RO         2899    .text.RadioTxCw     radio.o
    0x0800cd00   0x0800cd00   0x00000032   Code   RO         2897    .text.RadioTxPrbs   radio.o
    0x0800cd32   0x0800cd32   0x00000002   PAD
    0x0800cd34   0x0800cd34   0x00000004   Code   RO         2877    .text.RadioWrite    radio.o
    0x0800cd38   0x0800cd38   0x00000004   Code   RO         2881    .text.RadioWriteRegisters  radio.o
    0x0800cd3c   0x0800cd3c   0x00000004   Code   RO         1684    .text.RegionAS923AlternateDr  regionas923.o
    0x0800cd40   0x0800cd40   0x00000198   Code   RO         1660    .text.RegionAS923ApplyCFList  regionas923.o
    0x0800ced8   0x0800ced8   0x00000028   Code   RO         1690    .text.RegionAS923ApplyDrOffset  regionas923.o
    0x0800cf00   0x0800cf00   0x0000003c   Code   RO         1666    .text.RegionAS923ChanMaskSet  regionas923.o
    0x0800cf3c   0x0800cf3c   0x000000ec   Code   RO         1662    .text.RegionAS923ChannelAdd  regionas923.o
    0x0800d028   0x0800d028   0x0000006e   Code   RO         1668    .text.RegionAS923ComputeRxWindowParameters  regionas923.o
    0x0800d096   0x0800d096   0x00000002   PAD
    0x0800d098   0x0800d098   0x00000066   Code   RO         1682    .text.RegionAS923DlChannelReq  regionas923.o
    0x0800d0fe   0x0800d0fe   0x00000002   PAD
    0x0800d100   0x0800d100   0x00000222   Code   RO         1652    .text.RegionAS923GetPhyParam  regionas923.o
    0x0800d322   0x0800d322   0x00000002   PAD
    0x0800d324   0x0800d324   0x000000b8   Code   RO         1656    .text.RegionAS923InitDefaults  regionas923.o
    0x0800d3dc   0x0800d3dc   0x00000376   Code   RO         1674    .text.RegionAS923LinkAdrReq  regionas923.o
    0x0800d752   0x0800d752   0x00000002   PAD
    0x0800d754   0x0800d754   0x00000080   Code   RO         1678    .text.RegionAS923NewChannelReq  regionas923.o
    0x0800d7d4   0x0800d7d4   0x00000154   Code   RO         1686    .text.RegionAS923NextChannel  regionas923.o
    0x0800d928   0x0800d928   0x00000118   Code   RO         1670    .text.RegionAS923RxConfig  regionas923.o
    0x0800da40   0x0800da40   0x0000006a   Code   RO         1676    .text.RegionAS923RxParamSetupReq  regionas923.o
    0x0800daaa   0x0800daaa   0x00000002   PAD
    0x0800daac   0x0800daac   0x00000038   Code   RO         1654    .text.RegionAS923SetBandTxDone  regionas923.o
    0x0800dae4   0x0800dae4   0x0000005a   Code   RO         1688    .text.RegionAS923SetContinuousWave  regionas923.o
    0x0800db3e   0x0800db3e   0x00000002   PAD
    0x0800db40   0x0800db40   0x00000186   Code   RO         1672    .text.RegionAS923TxConfig  regionas923.o
    0x0800dcc6   0x0800dcc6   0x00000002   PAD
    0x0800dcc8   0x0800dcc8   0x00000004   Code   RO         1680    .text.RegionAS923TxParamSetupReq  regionas923.o
    0x0800dccc   0x0800dccc   0x0000008a   Code   RO         1658    .text.RegionAS923Verify  regionas923.o
    0x0800dd56   0x0800dd56   0x00000002   PAD
    0x0800dd58   0x0800dd58   0x00000010   Code   RO         1628    .text.RegionAlternateDr  region.o
    0x0800dd68   0x0800dd68   0x0000000c   Code   RO         1608    .text.RegionApplyCFList  region.o
    0x0800dd74   0x0800dd74   0x00000012   Code   RO         1638    .text.RegionApplyDrOffset  region.o
    0x0800dd86   0x0800dd86   0x00000002   PAD
    0x0800dd88   0x0800dd88   0x0000000e   Code   RO         1610    .text.RegionChanMaskSet  region.o
    0x0800dd96   0x0800dd96   0x00000002   PAD
    0x0800dd98   0x0800dd98   0x0000002c   Code   RO         1875    .text.RegionCommonChanDisable  regioncommon.o
    0x0800ddc4   0x0800ddc4   0x0000008c   Code   RO         1879    .text.RegionCommonChanMaskCopy  regioncommon.o
    0x0800de50   0x0800de50   0x0000023c   Code   RO         1871    .text.RegionCommonChanVerifyDr  regioncommon.o
    0x0800e08c   0x0800e08c   0x0000007c   Code   RO         1893    .text.RegionCommonComputeRxWindowParameters  regioncommon.o
    0x0800e108   0x0800e108   0x0000000a   Code   RO         1891    .text.RegionCommonComputeSymbolTimeFsk  regioncommon.o
    0x0800e112   0x0800e112   0x00000002   PAD
    0x0800e114   0x0800e114   0x00000012   Code   RO         1889    .text.RegionCommonComputeSymbolTimeLoRa  regioncommon.o
    0x0800e126   0x0800e126   0x00000002   PAD
    0x0800e128   0x0800e128   0x00000024   Code   RO         1895    .text.RegionCommonComputeTxPower  regioncommon.o
    0x0800e14c   0x0800e14c   0x00000164   Code   RO         1877    .text.RegionCommonCountChannels  regioncommon.o
    0x0800e2b0   0x0800e2b0   0x00000020   Code   RO         1907    .text.RegionCommonGetBandwidth  regioncommon.o
    0x0800e2d0   0x0800e2d0   0x00000048   Code   RO         1903    .text.RegionCommonGetNextLowerTxDr  regioncommon.o
    0x0800e318   0x0800e318   0x000001c8   Code   RO         1901    .text.RegionCommonIdentifyChannels  regioncommon.o
    0x0800e4e0   0x0800e4e0   0x00000008   Code   RO         1905    .text.RegionCommonLimitTxPower  regioncommon.o
    0x0800e4e8   0x0800e4e8   0x00000096   Code   RO         1887    .text.RegionCommonLinkAdrReqVerifyParams  regioncommon.o
    0x0800e57e   0x0800e57e   0x00000002   PAD
    0x0800e580   0x0800e580   0x00000034   Code   RO         1885    .text.RegionCommonParseLinkAdrReq  regioncommon.o
    0x0800e5b4   0x0800e5b4   0x00000002   Code   RO         1909    .text.RegionCommonRxConfigPrint  regioncommon.o
    0x0800e5b6   0x0800e5b6   0x00000002   PAD
    0x0800e5b8   0x0800e5b8   0x00000040   Code   RO         1881    .text.RegionCommonSetBandTxDone  regioncommon.o
    0x0800e5f8   0x0800e5f8   0x00000002   Code   RO         1911    .text.RegionCommonTxConfigPrint  regioncommon.o
    0x0800e5fa   0x0800e5fa   0x00000002   PAD
    0x0800e5fc   0x0800e5fc   0x0000023c   Code   RO         1883    .text.RegionCommonUpdateBandTimeOff  regioncommon.o
    0x0800e838   0x0800e838   0x00000018   Code   RO         1873    .text.RegionCommonValueInRange  regioncommon.o
    0x0800e850   0x0800e850   0x00000016   Code   RO         1612    .text.RegionComputeRxWindowParameters  region.o
    0x0800e866   0x0800e866   0x00000002   PAD
    0x0800e868   0x0800e868   0x0000000e   Code   RO         1626    .text.RegionDlChannelReq  region.o
    0x0800e876   0x0800e876   0x00000002   PAD
    0x0800e878   0x0800e878   0x0000000e   Code   RO         1600    .text.RegionGetPhyParam  region.o
    0x0800e886   0x0800e886   0x00000002   PAD
    0x0800e888   0x0800e888   0x0000000a   Code   RO         1642    .text.RegionGetVersion  region.o
    0x0800e892   0x0800e892   0x00000002   PAD
    0x0800e894   0x0800e894   0x0000000c   Code   RO         1604    .text.RegionInitDefaults  region.o
    0x0800e8a0   0x0800e8a0   0x00000008   Code   RO         1598    .text.RegionIsActive  region.o
    0x0800e8a8   0x0800e8a8   0x00000024   Code   RO         1618    .text.RegionLinkAdrReq  region.o
    0x0800e8cc   0x0800e8cc   0x0000000e   Code   RO         1622    .text.RegionNewChannelReq  region.o
    0x0800e8da   0x0800e8da   0x00000002   PAD
    0x0800e8dc   0x0800e8dc   0x00000018   Code   RO         1630    .text.RegionNextChannel  region.o
    0x0800e8f4   0x0800e8f4   0x00000010   Code   RO         1614    .text.RegionRxConfig  region.o
    0x0800e904   0x0800e904   0x0000000e   Code   RO         1620    .text.RegionRxParamSetupReq  region.o
    0x0800e912   0x0800e912   0x00000002   PAD
    0x0800e914   0x0800e914   0x0000000c   Code   RO         1602    .text.RegionSetBandTxDone  region.o
    0x0800e920   0x0800e920   0x0000000c   Code   RO         1636    .text.RegionSetContinuousWave  region.o
    0x0800e92c   0x0800e92c   0x00000012   Code   RO         1616    .text.RegionTxConfig  region.o
    0x0800e93e   0x0800e93e   0x00000002   PAD
    0x0800e940   0x0800e940   0x0000000e   Code   RO         1624    .text.RegionTxParamSetupReq  region.o
    0x0800e94e   0x0800e94e   0x00000002   PAD
    0x0800e950   0x0800e950   0x00000010   Code   RO         1606    .text.RegionVerify  region.o
    0x0800e960   0x0800e960   0x00000122   Code   RO         2227    .text.ResetMacParameters  loramac.o
    0x0800ea82   0x0800ea82   0x00000002   PAD
    0x0800ea84   0x0800ea84   0x0000000c   Code   RO          355    .text.SUBGHZ_Radio_IRQHandler  stm32wlxx_it.o
    0x0800ea90   0x0800ea90   0x000000b0   Code   RO         2799    .text.SUBGRF_GetCFO  radio_driver.o
    0x0800eb40   0x0800eb40   0x00000146   Code   RO         2797    .text.SUBGRF_GetFskBandwidthRegValue  radio_driver.o
    0x0800ec86   0x0800ec86   0x00000002   PAD
    0x0800ec88   0x0800ec88   0x0000000c   Code   RO         2681    .text.SUBGRF_GetOperatingMode  radio_driver.o
    0x0800ec94   0x0800ec94   0x00000094   Code   RO         2765    .text.SUBGRF_GetPacketStatus  radio_driver.o
    0x0800ed28   0x0800ed28   0x00000096   Code   RO         2687    .text.SUBGRF_GetPayload  radio_driver.o
    0x0800edbe   0x0800edbe   0x00000002   PAD
    0x0800edc0   0x0800edc0   0x00000004   Code   RO         2777    .text.SUBGRF_GetRadioWakeUpTime  radio_driver.o
    0x0800edc4   0x0800edc4   0x00000120   Code   RO         2711    .text.SUBGRF_GetRandom  radio_driver.o
    0x0800eee4   0x0800eee4   0x00000032   Code   RO         2763    .text.SUBGRF_GetRssiInst  radio_driver.o
    0x0800ef16   0x0800ef16   0x00000002   PAD
    0x0800ef18   0x0800ef18   0x00000132   Code   RO         2671    .text.SUBGRF_Init   radio_driver.o
    0x0800f04a   0x0800f04a   0x00000002   PAD
    0x0800f04c   0x0800f04c   0x00000020   Code   RO         2709    .text.SUBGRF_ReadRegister  radio_driver.o
    0x0800f06c   0x0800f06c   0x00000024   Code   RO         2715    .text.SUBGRF_ReadRegisters  radio_driver.o
    0x0800f090   0x0800f090   0x00000064   Code   RO         2693    .text.SUBGRF_SendPayload  radio_driver.o
    0x0800f0f4   0x0800f0f4   0x00000032   Code   RO         2759    .text.SUBGRF_SetBufferBaseAddress  radio_driver.o
    0x0800f126   0x0800f126   0x00000002   PAD
    0x0800f128   0x0800f128   0x00000030   Code   RO         2725    .text.SUBGRF_SetCad  radio_driver.o
    0x0800f158   0x0800f158   0x00000042   Code   RO         2705    .text.SUBGRF_SetCrcPolynomial  radio_driver.o
    0x0800f19a   0x0800f19a   0x00000002   PAD
    0x0800f19c   0x0800f19c   0x00000052   Code   RO         2743    .text.SUBGRF_SetDioIrqParams  radio_driver.o
    0x0800f1ee   0x0800f1ee   0x00000002   PAD
    0x0800f1f0   0x0800f1f0   0x00000056   Code   RO         2733    .text.SUBGRF_SetLoRaSymbNumTimeout  radio_driver.o
    0x0800f246   0x0800f246   0x00000002   PAD
    0x0800f248   0x0800f248   0x00000190   Code   RO         2753    .text.SUBGRF_SetModulationParams  radio_driver.o
    0x0800f3d8   0x0800f3d8   0x000001b8   Code   RO         2755    .text.SUBGRF_SetPacketParams  radio_driver.o
    0x0800f590   0x0800f590   0x00000056   Code   RO         2749    .text.SUBGRF_SetPacketType  radio_driver.o
    0x0800f5e6   0x0800f5e6   0x00000002   PAD
    0x0800f5e8   0x0800f5e8   0x0000003a   Code   RO         2735    .text.SUBGRF_SetRegulatorMode  radio_driver.o
    0x0800f622   0x0800f622   0x00000002   PAD
    0x0800f624   0x0800f624   0x000000e8   Code   RO         2747    .text.SUBGRF_SetRfFrequency  radio_driver.o
    0x0800f70c   0x0800f70c   0x00000028   Code   RO         2775    .text.SUBGRF_SetRfTxPower  radio_driver.o
    0x0800f734   0x0800f734   0x00000046   Code   RO         2713    .text.SUBGRF_SetRx  radio_driver.o
    0x0800f77a   0x0800f77a   0x00000002   PAD
    0x0800f77c   0x0800f77c   0x0000005e   Code   RO         2721    .text.SUBGRF_SetRxBoosted  radio_driver.o
    0x0800f7da   0x0800f7da   0x00000002   PAD
    0x0800f7dc   0x0800f7dc   0x00000056   Code   RO         2723    .text.SUBGRF_SetRxDutyCycle  radio_driver.o
    0x0800f832   0x0800f832   0x00000002   PAD
    0x0800f834   0x0800f834   0x00000084   Code   RO         2717    .text.SUBGRF_SetSleep  radio_driver.o
    0x0800f8b8   0x0800f8b8   0x00000044   Code   RO         2673    .text.SUBGRF_SetStandby  radio_driver.o
    0x0800f8fc   0x0800f8fc   0x0000002e   Code   RO         2731    .text.SUBGRF_SetStopRxTimerOnPreambleDetect  radio_driver.o
    0x0800f92a   0x0800f92a   0x00000002   PAD
    0x0800f92c   0x0800f92c   0x0000006a   Code   RO         2773    .text.SUBGRF_SetSwitch  radio_driver.o
    0x0800f996   0x0800f996   0x00000002   PAD
    0x0800f998   0x0800f998   0x00000028   Code   RO         2697    .text.SUBGRF_SetSyncWord  radio_driver.o
    0x0800f9c0   0x0800f9c0   0x00000046   Code   RO         2695    .text.SUBGRF_SetTx  radio_driver.o
    0x0800fa06   0x0800fa06   0x00000002   PAD
    0x0800fa08   0x0800fa08   0x00000024   Code   RO         2727    .text.SUBGRF_SetTxContinuousWave  radio_driver.o
    0x0800fa2c   0x0800fa2c   0x00000024   Code   RO         2729    .text.SUBGRF_SetTxInfinitePreamble  radio_driver.o
    0x0800fa50   0x0800fa50   0x00000112   Code   RO         2751    .text.SUBGRF_SetTxParams  radio_driver.o
    0x0800fb62   0x0800fb62   0x00000002   PAD
    0x0800fb64   0x0800fb64   0x00000068   Code   RO         2707    .text.SUBGRF_SetWhiteningSeed  radio_driver.o
    0x0800fbcc   0x0800fbcc   0x00000022   Code   RO         2677    .text.SUBGRF_WriteRegister  radio_driver.o
    0x0800fbee   0x0800fbee   0x00000002   PAD
    0x0800fbf0   0x0800fbf0   0x00000024   Code   RO         2699    .text.SUBGRF_WriteRegisters  radio_driver.o
    0x0800fc14   0x0800fc14   0x00000002   Code   RO          327    .text.SVC_Handler   stm32wlxx_it.o
    0x0800fc16   0x0800fc16   0x00000002   PAD
    0x0800fc18   0x0800fc18   0x0000003e   Code   RO          224    .text.SYS_GetBatteryLevel  adc_if.o
    0x0800fc56   0x0800fc56   0x00000002   PAD
    0x0800fc58   0x0800fc58   0x000000cc   Code   RO          222    .text.SYS_GetTemperatureLevel  adc_if.o
    0x0800fd24   0x0800fd24   0x00000014   Code   RO          218    .text.SYS_InitMeasurement  adc_if.o
    0x0800fd38   0x0800fd38   0x00000318   Code   RO         2283    .text.ScheduleTx    loramac.o
    0x08010050   0x08010050   0x000000dc   Code   RO         1566    .text.SecureElementAesEncrypt  soft-se.o
    0x0801012c   0x0801012c   0x0000000c   Code   RO         1568    .text.SecureElementComputeAesCmac  soft-se.o
    0x08010138   0x08010138   0x00000042   Code   RO         1574    .text.SecureElementDeriveAndStoreKey  soft-se.o
    0x0801017a   0x0801017a   0x00000002   PAD
    0x0801017c   0x0801017c   0x0000000c   Code   RO         1582    .text.SecureElementGetDevEui  soft-se.o
    0x08010188   0x08010188   0x0000000e   Code   RO         1586    .text.SecureElementGetJoinEui  soft-se.o
    0x08010196   0x08010196   0x00000002   PAD
    0x08010198   0x08010198   0x00000040   Code   RO         1556    .text.SecureElementInit  soft-se.o
    0x080101d8   0x080101d8   0x000000a6   Code   RO         1576    .text.SecureElementProcessJoinAccept  soft-se.o
    0x0801027e   0x0801027e   0x00000002   PAD
    0x08010280   0x08010280   0x0000001e   Code   RO         1578    .text.SecureElementRandomNumber  soft-se.o
    0x0801029e   0x0801029e   0x00000002   PAD
    0x080102a0   0x080102a0   0x00000020   Code   RO         1580    .text.SecureElementSetDevEui  soft-se.o
    0x080102c0   0x080102c0   0x00000022   Code   RO         1584    .text.SecureElementSetJoinEui  soft-se.o
    0x080102e2   0x080102e2   0x00000002   PAD
    0x080102e4   0x080102e4   0x000000e0   Code   RO         1564    .text.SecureElementSetKey  soft-se.o
    0x080103c4   0x080103c4   0x0000003c   Code   RO         1572    .text.SecureElementVerifyAesCmac  soft-se.o
    0x08010400   0x08010400   0x0000017c   Code   RO          449    .text.SendTxData    lora_app.o
    0x0801057c   0x0801057c   0x00000152   Code   RO         2257    .text.SwitchClass   loramac.o
    0x080106ce   0x080106ce   0x00000002   PAD
    0x080106d0   0x080106d0   0x00000004   Code   RO          333    .text.SysTick_Handler  stm32wlxx_it.o
    0x080106d4   0x080106d4   0x00000030   Code   RO         2994    .text.SysTimeAdd    stm32_systime.o
    0x08010704   0x08010704   0x00000060   Code   RO         3006    .text.SysTimeFromMs  stm32_systime.o
    0x08010764   0x08010764   0x0000004e   Code   RO         3000    .text.SysTimeGet    stm32_systime.o
    0x080107b2   0x080107b2   0x00000002   PAD
    0x080107b4   0x080107b4   0x0000001c   Code   RO         3002    .text.SysTimeGetMcuTime  stm32_systime.o
    0x080107d0   0x080107d0   0x0000004c   Code   RO         2998    .text.SysTimeSet    stm32_systime.o
    0x0801081c   0x0801081c   0x0000002a   Code   RO         2996    .text.SysTimeSub    stm32_systime.o
    0x08010846   0x08010846   0x00000002   PAD
    0x08010848   0x08010848   0x00000044   Code   RO         3004    .text.SysTimeToMs   stm32_systime.o
    0x0801088c   0x0801088c   0x0000004a   Code   RO          114    .text.SystemApp_Init  sys_app.o
    0x080108d6   0x080108d6   0x00000002   PAD
    0x080108d8   0x080108d8   0x00000002   Code   RO         1479    .text.SystemInit    system_stm32wlxx.o
    0x080108da   0x080108da   0x00000002   PAD
    0x080108dc   0x080108dc   0x0000000c   Code   RO          337    .text.TAMP_STAMP_LSECSS_SSRU_IRQHandler  stm32wlxx_it.o
    0x080108e8   0x080108e8   0x0000000e   Code   RO          193    .text.TIMER_IF_BkUp_Read_Seconds  timer_if.o
    0x080108f6   0x080108f6   0x00000002   PAD
    0x080108f8   0x080108f8   0x0000000e   Code   RO          197    .text.TIMER_IF_BkUp_Read_SubSeconds  timer_if.o
    0x08010906   0x08010906   0x00000002   PAD
    0x08010908   0x08010908   0x00000010   Code   RO          191    .text.TIMER_IF_BkUp_Write_Seconds  timer_if.o
    0x08010918   0x08010918   0x00000010   Code   RO          195    .text.TIMER_IF_BkUp_Write_SubSeconds  timer_if.o
    0x08010928   0x08010928   0x00000010   Code   RO          189    .text.TIMER_IF_Convert_Tick2ms  timer_if.o
    0x08010938   0x08010938   0x00000014   Code   RO          187    .text.TIMER_IF_Convert_ms2Tick  timer_if.o
    0x0801094c   0x0801094c   0x00000050   Code   RO          201    .text.TIMER_IF_DelayMs  timer_if.o
    0x0801099c   0x0801099c   0x00000004   Code   RO          185    .text.TIMER_IF_GetMinimumTimeout  timer_if.o
    0x080109a0   0x080109a0   0x00000036   Code   RO          199    .text.TIMER_IF_GetTime  timer_if.o
    0x080109d6   0x080109d6   0x00000002   PAD
    0x080109d8   0x080109d8   0x0000000c   Code   RO          179    .text.TIMER_IF_GetTimerContext  timer_if.o
    0x080109e4   0x080109e4   0x0000001a   Code   RO          181    .text.TIMER_IF_GetTimerElapsedTime  timer_if.o
    0x080109fe   0x080109fe   0x00000002   PAD
    0x08010a00   0x08010a00   0x00000020   Code   RO          183    .text.TIMER_IF_GetTimerValue  timer_if.o
    0x08010a20   0x08010a20   0x0000006a   Code   RO          171    .text.TIMER_IF_Init  timer_if.o
    0x08010a8a   0x08010a8a   0x00000002   PAD
    0x08010a8c   0x08010a8c   0x00000018   Code   RO          177    .text.TIMER_IF_SetTimerContext  timer_if.o
    0x08010aa4   0x08010aa4   0x0000006e   Code   RO          173    .text.TIMER_IF_StartTimer  timer_if.o
    0x08010b12   0x08010b12   0x00000002   PAD
    0x08010b14   0x08010b14   0x0000002a   Code   RO          175    .text.TIMER_IF_StopTimer  timer_if.o
    0x08010b3e   0x08010b3e   0x00000002   PAD
    0x08010b40   0x08010b40   0x000000aa   Code   RO         2937    .text.TRACE_Send    stm32_adv_trace.o
    0x08010bea   0x08010bea   0x00000002   PAD
    0x08010bec   0x08010bec   0x000000ac   Code   RO         2927    .text.TRACE_TxCpltCallback  stm32_adv_trace.o
    0x08010c98   0x08010c98   0x00000028   Code   RO          116    .text.TimestampNow  sys_app.o
    0x08010cc0   0x08010cc0   0x000000e6   Code   RO         1302    .text.UART_AdvFeatureConfig  stm32wlxx_hal_uart.o
    0x08010da6   0x08010da6   0x00000002   PAD
    0x08010da8   0x08010da8   0x00000010   Code   RO         1382    .text.UART_DMAAbortOnError  stm32wlxx_hal_uart.o
    0x08010db8   0x08010db8   0x000001ea   Code   RO         1342    .text.UART_DMAError  stm32wlxx_hal_uart.o
    0x08010fa2   0x08010fa2   0x00000002   PAD
    0x08010fa4   0x08010fa4   0x000000b0   Code   RO         1338    .text.UART_DMATransmitCplt  stm32wlxx_hal_uart.o
    0x08011054   0x08011054   0x00000006   Code   RO         1340    .text.UART_DMATxHalfCplt  stm32wlxx_hal_uart.o
    0x0801105a   0x0801105a   0x00000002   PAD
    0x0801105c   0x0801105c   0x00000148   Code   RO         1422    .text.UART_RxISR_16BIT  stm32wlxx_hal_uart.o
    0x080111a4   0x080111a4   0x000002d2   Code   RO         1418    .text.UART_RxISR_16BIT_FIFOEN  stm32wlxx_hal_uart.o
    0x08011476   0x08011476   0x00000002   PAD
    0x08011478   0x08011478   0x00000148   Code   RO         1424    .text.UART_RxISR_8BIT  stm32wlxx_hal_uart.o
    0x080115c0   0x080115c0   0x000002d6   Code   RO         1420    .text.UART_RxISR_8BIT_FIFOEN  stm32wlxx_hal_uart.o
    0x08011896   0x08011896   0x00000002   PAD
    0x08011898   0x08011898   0x00000020   Code   RO          301    .text.UART_SendString  usart.o
    0x080118b8   0x080118b8   0x00000258   Code   RO         1300    .text.UART_SetConfig  stm32wlxx_hal_uart.o
    0x08011b10   0x08011b10   0x000001f2   Code   RO         1334    .text.UART_Start_Receive_IT  stm32wlxx_hal_uart.o
    0x08011d02   0x08011d02   0x00000002   PAD
    0x08011d04   0x08011d04   0x00000214   Code   RO         1318    .text.UART_WaitOnFlagUntilTimeout  stm32wlxx_hal_uart.o
    0x08011f18   0x08011f18   0x0000000c   Code   RO          349    .text.USART1_IRQHandler  stm32wlxx_it.o
    0x08011f24   0x08011f24   0x0000000c   Code   RO          351    .text.USART2_IRQHandler  stm32wlxx_it.o
    0x08011f30   0x08011f30   0x00000220   Code   RO         2935    .text.UTIL_ADV_TRACE_COND_FSend  stm32_adv_trace.o
    0x08012150   0x08012150   0x0000003c   Code   RO         2925    .text.UTIL_ADV_TRACE_Init  stm32_adv_trace.o
    0x0801218c   0x0801218c   0x00000008   Code   RO          130    .text.UTIL_ADV_TRACE_PostSendHook  sys_app.o
    0x08012194   0x08012194   0x00000008   Code   RO          128    .text.UTIL_ADV_TRACE_PreSendHook  sys_app.o
    0x0801219c   0x0801219c   0x0000000c   Code   RO         2953    .text.UTIL_ADV_TRACE_RegisterTimeStampFunction  stm32_adv_trace.o
    0x080121a8   0x080121a8   0x0000000c   Code   RO         2955    .text.UTIL_ADV_TRACE_SetVerboseLevel  stm32_adv_trace.o
    0x080121b4   0x080121b4   0x0000005e   Code   RO         3147    .text.UTIL_LPM_EnterLowPower  stm32_lpm.o
    0x08012212   0x08012212   0x00000002   PAD
    0x08012214   0x08012214   0x00000010   Code   RO         3137    .text.UTIL_LPM_Init  stm32_lpm.o
    0x08012224   0x08012224   0x0000002c   Code   RO         3143    .text.UTIL_LPM_SetOffMode  stm32_lpm.o
    0x08012250   0x08012250   0x0000002c   Code   RO         3141    .text.UTIL_LPM_SetStopMode  stm32_lpm.o
    0x0801227c   0x0801227c   0x00000070   Code   RO         2980    .text.UTIL_MEM_cpy_8  stm32_mem.o
    0x080122ec   0x080122ec   0x00000018   Code   RO         2984    .text.UTIL_MEM_set_8  stm32_mem.o
    0x08012304   0x08012304   0x00000004   Code   RO          118    .text.UTIL_SEQ_Idle  sys_app.o
    0x08012308   0x08012308   0x00000002   Code   RO         3056    .text.UTIL_SEQ_PostIdle  stm32_seq.o
    0x0801230a   0x0801230a   0x00000002   PAD
    0x0801230c   0x0801230c   0x00000002   Code   RO         3052    .text.UTIL_SEQ_PreIdle  stm32_seq.o
    0x0801230e   0x0801230e   0x00000002   PAD
    0x08012310   0x08012310   0x00000052   Code   RO         3058    .text.UTIL_SEQ_RegTask  stm32_seq.o
    0x08012362   0x08012362   0x00000002   PAD
    0x08012364   0x08012364   0x0000015a   Code   RO         3048    .text.UTIL_SEQ_Run  stm32_seq.o
    0x080124be   0x080124be   0x00000002   PAD
    0x080124c0   0x080124c0   0x00000028   Code   RO         3060    .text.UTIL_SEQ_SetTask  stm32_seq.o
    0x080124e8   0x080124e8   0x0000003c   Code   RO         3096    .text.UTIL_TIMER_Create  stm32_timer.o
    0x08012524   0x08012524   0x00000018   Code   RO         3124    .text.UTIL_TIMER_GetCurrentTime  stm32_timer.o
    0x0801253c   0x0801253c   0x00000028   Code   RO         3126    .text.UTIL_TIMER_GetElapsedTime  stm32_timer.o
    0x08012564   0x08012564   0x000000e4   Code   RO         3122    .text.UTIL_TIMER_IRQ_Handler  stm32_timer.o
    0x08012648   0x08012648   0x00000018   Code   RO         3092    .text.UTIL_TIMER_Init  stm32_timer.o
    0x08012660   0x08012660   0x0000010c   Code   RO         3112    .text.UTIL_TIMER_SetPeriod  stm32_timer.o
    0x0801276c   0x0801276c   0x00000146   Code   RO         3098    .text.UTIL_TIMER_Start  stm32_timer.o
    0x080128b2   0x080128b2   0x00000002   PAD
    0x080128b4   0x080128b4   0x000000d2   Code   RO         3108    .text.UTIL_TIMER_Stop  stm32_timer.o
    0x08012986   0x08012986   0x00000002   PAD
    0x08012988   0x08012988   0x00000002   Code   RO          325    .text.UsageFault_Handler  stm32wlxx_it.o
    0x0801298a   0x0801298a   0x00000002   PAD
    0x0801298c   0x0801298c   0x00000134   Code   RO           26    .text.decode_rs485_data  rs485.o
    0x08012ac0   0x08012ac0   0x000000c8   Code   RO           12    .text.get_status_modbus_devices  rs485.o
    0x08012b88   0x08012b88   0x0000042c   Code   RO         1541    .text.lorawan_aes_encrypt  lorawan_aes.o
    0x08012fb4   0x08012fb4   0x00000434   Code   RO         1539    .text.lorawan_aes_set_key  lorawan_aes.o
    0x080133e8   0x080133e8   0x000000c4   Code   RO           44    .text.main          main.o
    0x080134ac   0x080134ac   0x00000070   Code   RO         2646    .text.memcpy1       utilities.o
    0x0801351c   0x0801351c   0x00000074   Code   RO         2648    .text.memcpyr       utilities.o
    0x08013590   0x08013590   0x00000018   Code   RO         2650    .text.memset1       utilities.o
    0x080135a8   0x080135a8   0x0000004e   Code   RO         2644    .text.randr         utilities.o
    0x080135f6   0x080135f6   0x00000002   PAD
    0x080135f8   0x080135f8   0x0000036c   Code   RO           16    .text.read_rs485_sensor_state  rs485.o
    0x08013964   0x08013964   0x00000048   Code   RO           24    .text.receive_response_modbus_device  rs485.o
    0x080139ac   0x080139ac   0x0000000c   Code   RO         2642    .text.srand1        utilities.o
    0x080139b8   0x080139b8   0x0000002c   Code   RO          136    .text.tiny_snprintf_like  sys_app.o
    0x080139e4   0x080139e4   0x00000720   Code   RO         3033    .text.tiny_vsnprintf_like  stm32_tiny_vsnprintf.o
    0x08014104   0x08014104   0x0000002e   Code   RO          238    .text.vcom_DeInit   usart_if.o
    0x08014132   0x08014132   0x00000002   PAD
    0x08014134   0x08014134   0x00000028   Code   RO          236    .text.vcom_Init     usart_if.o
    0x0801415c   0x0801415c   0x00000080   Code   RO          240    .text.vcom_ReceiveInit  usart_if.o
    0x080141dc   0x080141dc   0x00000030   Code   RO          246    .text.vcom_Resume   usart_if.o
    0x0801420c   0x0801420c   0x00000016   Code   RO          242    .text.vcom_Trace_DMA  usart_if.o
    0x08014222   0x08014222   0x0000000e   Code   RO         3204    i._is_digit         c_w.l(__printf_wp.o)
    0x08014230   0x08014230   0x0000007c   Code   RO         3247    i.floorf            m_ws.l(floorf.o)
    0x080142ac   0x080142ac   0x000001b8   Code   RO         3266    x$fpl$exception     f_ws.l(except.o)
    0x08014464   0x08014464   0x00000140   Code   RO         3230    x$fpl$fadd          f_ws.l(faddsub_clz.o)
    0x080145a4   0x080145a4   0x00000044   Code   RO         3236    x$fpl$ffix          f_ws.l(ffix.o)
    0x080145e8   0x080145e8   0x00000026   Code   RO         3240    x$fpl$ffltu         f_ws.l(fflt_clz.o)
    0x0801460e   0x0801460e   0x000000f2   Code   RO         3268    x$fpl$fnaninf       f_ws.l(fnaninf.o)
    0x08014700   0x08014700   0x0000000e   Code   RO         3390    x$fpl$fpinit        f_ws.l(fpinit.o)
    0x0801470e   0x0801470e   0x00000002   PAD
    0x08014710   0x08014710   0x00000142   Code   RO         3232    x$fpl$fsub          f_ws.l(faddsub_clz.o)
    0x08014852   0x08014852   0x0000012a   Code   RO         3270    x$fpl$funder        f_ws.l(funder_clz.o)
    0x0801497c   0x0801497c   0x000000b2   Code   RO         3297    x$fpl$retnan        f_ws.l(retnan.o)
    0x08014a2e   0x08014a2e   0x00000090   Code   RO         3299    x$fpl$trapveneer    f_ws.l(trapv.o)
    0x08014abe   0x08014abe   0x00000000   Code   RO         3272    x$fpl$usenofp       f_ws.l(usenofp.o)
    0x08014abe   0x08014abe   0x00000028   Data   RO         3177    .constdata          c_w.l(_printf_hex_int.o)
    0x08014ae6   0x08014ae6   0x00000011   Data   RO         3207    .constdata          c_w.l(__printf_flags_wp.o)
    0x08014af7   0x08014af7   0x00000001   PAD
    0x08014af8   0x08014af8   0x0000000c   Data   RO          606    .rodata..L__const.RCC_SetFlashLatency.FLASH_LATENCY_RANGE  stm32wlxx_hal_rcc.o
    0x08014b04   0x08014b04   0x00000018   Data   RO         1697    .rodata..L__const.RegionAS923InitDefaults.bands  regionas923.o
    0x08014b1c   0x08014b1c   0x000000c0   Data   RO         1588    .rodata..L__const.SecureElementInit.seNvmInit  soft-se.o
    0x08014bdc   0x08014bdc   0x00000040   Data   RO         1484    .rodata.AHBPrescTable  system_stm32wlxx.o
    0x08014c1c   0x08014c1c   0x00000020   Data   RO         1485    .rodata.APBPrescTable  system_stm32wlxx.o
    0x08014c3c   0x08014c3c   0x00000003   Data   RO         2912    .rodata.Bandwidths  radio.o
    0x08014c3f   0x08014c3f   0x00000001   PAD
    0x08014c40   0x08014c40   0x00000020   Data   RO         1696    .rodata.BandwidthsAS923  regionas923.o
    0x08014c60   0x08014c60   0x00000008   Data   RO         1695    .rodata.DataratesAS923  regionas923.o
    0x08014c68   0x08014c68   0x000000b0   Data   RO         2801    .rodata.FskBandwidths  radio_driver.o
    0x08014d18   0x08014d18   0x00000040   Data   RO         1486    .rodata.MSIRangeTable  system_stm32wlxx.o
    0x08014d58   0x08014d58   0x00000084   Data   RO         2911    .rodata.Radio       radio.o
    0x08014ddc   0x08014ddc   0x00000018   Data   RO         1430    .rodata.UARTPrescTable  stm32wlxx_hal_uart.o
    0x08014df4   0x08014df4   0x00000018   Data   RO          106    .rodata.UTIL_PowerDriver  stm32_lpm_if.o
    0x08014e0c   0x08014e0c   0x00000014   Data   RO          208    .rodata.UTIL_SYSTIMDriver  timer_if.o
    0x08014e20   0x08014e20   0x0000002c   Data   RO          207    .rodata.UTIL_TimerDriver  timer_if.o
    0x08014e4c   0x08014e4c   0x00000010   Data   RO          252    .rodata.UTIL_TraceDriver  usart_if.o
    0x08014e5c   0x08014e5c   0x00000010   Data   RO         1431    .rodata.cst16       stm32wlxx_hal_uart.o
    0x08014e6c   0x08014e6c   0x00000010   Data   RO         3081    .rodata.cst16       stm32_seq.o
    0x08014e7c   0x08014e7c   0x00000010   Data   RO         1470    .rodata.cst8        stm32wlxx_hal_uart_ex.o
    0x08014e8c   0x08014e8c   0x00000018   Data   RO         1694    .rodata.cst8        regionas923.o
    0x08014ea4   0x08014ea4   0x00000008   Data   RO         2464    .rodata.cst8        loramaccrypto.o
    0x08014eac   0x08014eac   0x00000100   Data   RO         1546    .rodata.gfm2_sbox   lorawan_aes.o
    0x08014fac   0x08014fac   0x00000100   Data   RO         1547    .rodata.gfm3_sbox   lorawan_aes.o
    0x080150ac   0x080150ac   0x00000100   Data   RO         1545    .rodata.sbox        lorawan_aes.o
    0x080151ac   0x080151ac   0x00000011   Data   RO           33    .rodata.str1.1      rs485.o
    0x080151bd   0x080151bd   0x00000007   Data   RO         3035    .rodata.str1.1      stm32_tiny_vsnprintf.o
    0x080151c4   0x080151c4   0x00000020   Data   RO         3451    Region$$Table       anon$$obj.o


    Execution Region RW_IRAM1 (Exec base: 0x20000000, Load base: 0x080151e8, Size: 0x00001fa8, Max: 0x00008000, ABSOLUTE)

    Exec Addr    Load Addr    Size         Type   Attr      Idx    E Section Name        Object

    0x20000000   0x080151e8   0x0000000c   Data   RW           34    .data..L_MergedGlobals  rs485.o
    0x2000000c   0x080151f4   0x00000044   Data   RW          465    .data..L_MergedGlobals  lora_app.o
    0x20000050   0x08015238   0x00000008   Data   RW         1021    .data..L_MergedGlobals  stm32wlxx_hal.o
    0x20000058   0x08015240   0x0000002c   Data   RW         2617    .data..L_MergedGlobals  lmhandler.o
    0x20000084   0x0801526c   0x00000008   Data   RW         3082    .data..L_MergedGlobals  stm32_seq.o
    0x2000008c   0x08015274   0x00000008   Data   RW          463    .data.AppData       lora_app.o
    0x20000094   0x0801527c   0x00000034   Data   RW         1513    .data.LmhpCompliancePackage  lmhpcompliance.o
    0x200000c8   0x080152b0   0x0000000c   Data   RW         2615    .data.LmhpComplianceParams  lmhandler.o
    0x200000d4   0x080152bc   0x00000001   Data   RW         2914    .data.MaxPayloadLength  radio.o
    0x200000d5   0x080152bd   0x00000003   PAD
    0x200000d8   0x080152c0   0x00000004   Data   RW         1483    .data.SystemCoreClock  system_stm32wlxx.o
    0x200000dc   0x080152c4   0x00000004   Data   RW         2662    .data.next          utilities.o
    0x200000e0        -       0x00000060   Zero   RW         3302    .bss                c_w.l(libspace.o)
    0x20000140        -       0x00000008   Zero   RW          209    .bss..L_MergedGlobals  timer_if.o
    0x20000148        -       0x00000008   Zero   RW          254    .bss..L_MergedGlobals  usart_if.o
    0x20000150        -       0x00000040   Zero   RW         1514    .bss..L_MergedGlobals  lmhpcompliance.o
    0x20000190        -       0x00000008   Zero   RW         1698    .bss..L_MergedGlobals  regionas923.o
    0x20000198        -       0x00000018   Zero   RW         2287    .bss..L_MergedGlobals  loramac.o
    0x200001b0        -       0x0000000c   Zero   RW         2802    .bss..L_MergedGlobals  radio_driver.o
    0x200001bc        -       0x00000034   Zero   RW         2916    .bss..L_MergedGlobals  radio.o
    0x200001f0        -       0x00000008   Zero   RW         3149    .bss..L_MergedGlobals  stm32_lpm.o
    0x200001f8        -       0x00000068   Zero   RW         2618    .bss..L_MergedGlobals.1  lmhandler.o
    0x20000260        -       0x00000020   Zero   RW         3083    .bss..L_MergedGlobals.2  stm32_seq.o
    0x20000280        -       0x0000001c   Zero   RW          466    .bss..L_MergedGlobals.5  lora_app.o
    0x2000029c        -       0x00000076   Zero   RW           35    .bss..L_MergedGlobals.7  rs485.o
    0x20000312        -       0x00000400   Zero   RW         2970    .bss.ADV_TRACE_Buffer  stm32_adv_trace.o
    0x20000712   0x080152c8   0x00000002   PAD
    0x20000714        -       0x00000018   Zero   RW         2969    .bss.ADV_TRACE_Ctx  stm32_adv_trace.o
    0x2000072c        -       0x000000f2   Zero   RW          464    .bss.AppDataBuffer  lora_app.o
    0x2000081e        -       0x000000f2   Zero   RW         2616    .bss.AppDataBuffer  lmhandler.o
    0x20000910        -       0x000000fc   Zero   RW         2393    .bss.CommandsCtx    loramaccommands.o
    0x20000a0c        -       0x00000024   Zero   RW         2426    .bss.ConfirmQueueCtx  loramacconfirmqueue.o
    0x20000a30        -       0x00000004   Zero   RW         2463    .bss.CryptoNvm      loramaccrypto.o
    0x20000a34        -       0x00000508   Zero   RW         2285    .bss.MacCtx         loramac.o
    0x20000f3c        -       0x000002d4   Zero   RW         2286    .bss.Nvm            loramac.o
    0x20001210        -       0x000000ff   Zero   RW         2915    .bss.RadioBuffer    radio.o
    0x2000130f   0x080152c8   0x00000001   PAD
    0x20001310        -       0x00000004   Zero   RW         1589    .bss.SeNvm          soft-se.o
    0x20001314        -       0x00000058   Zero   RW         2913    .bss.SubgRf         radio.o
    0x2000136c        -       0x00000080   Zero   RW         3080    .bss.TaskCb         stm32_seq.o
    0x200013ec        -       0x00000004   Zero   RW         3128    .bss.TimerListHead  stm32_timer.o
    0x200013f0        -       0x00000004   Zero   RW          253    .bss.TxCpltCallback  usart_if.o
    0x200013f4        -       0x00000080   Zero   RW           31    .bss.buffer         rs485.o
    0x20001474        -       0x00000064   Zero   RW           75    .bss.hadc           adc.o
    0x200014d8        -       0x00000060   Zero   RW          307    .bss.hdma_usart1_tx  usart.o
    0x20001538        -       0x00000060   Zero   RW          308    .bss.hdma_usart2_tx  usart.o
    0x20001598        -       0x00000038   Zero   RW          269    .bss.hrtc           rtc.o
    0x200015d0        -       0x0000000c   Zero   RW          284    .bss.hsubghz        subghz.o
    0x200015dc        -       0x00000090   Zero   RW          305    .bss.huart1         usart.o
    0x2000166c        -       0x00000090   Zero   RW          306    .bss.huart2         usart.o
    0x200016fc        -       0x00000010   Zero   RW          479    .bss.loraInfo       lora_info.o
    0x2000170c        -       0x00000018   Zero   RW          675    .bss.pFlash         stm32wlxx_hal_flash.o
    0x20001724        -       0x00000080   Zero   RW           32    .bss.rs485_buffer   rs485.o
    0x200017a4        -       0x00000200   Zero   RW         2971    .bss.sztmp          stm32_adv_trace.o
    0x200019a4        -       0x00000004   Zero   RW         1020    .bss.uwTick         stm32wlxx_hal.o
    0x200019a8        -       0x00000200   Zero   RW            3    HEAP                startup_stm32wle5xx.o
    0x20001ba8        -       0x00000400   Zero   RW            2    STACK               startup_stm32wle5xx.o


    Execution Region RW_IRAM2 (Exec base: 0x20008000, Load base: 0x080152c8, Size: 0x00008000, Max: 0x00008000, ABSOLUTE)

    Exec Addr    Load Addr    Size         Type   Attr      Idx    E Section Name        Object

    0x20008000        -       0x00008000   Zero   RW            1    RW_IRAM2.bss        anon$$obj.o


==============================================================================

Image component sizes


      Code (inc. data)   RO Data    RW Data    ZI Data      Debug   Object Name

       194          0          0          0        100       6919   adc.o
       416         12          0          0          0       2854   adc_if.o
        22          0          0          0          0        469   app_lorawan.o
      2164          0          0          0          0       3590   cmac.o
        84          0          0          0          0       3397   dma.o
        96          0          0          0          0       2495   gpio.o
      2172         18          0         56        346      39934   lmhandler.o
      1048         22          0         52         64      18833   lmhpcompliance.o
       656        156          0         76        270       8042   lora_app.o
        34          0          0          0         16       1216   lora_info.o
     11964        240          0          0       2036      63243   loramac.o
       208          0          0          0          0       5646   loramacadr.o
        78          0          0          0          0      18258   loramacclassb.o
      1044         18          0          0        252       8667   loramaccommands.o
       912          0          0          0         36      10545   loramacconfirmqueue.o
      1906         12          8          0          4      17481   loramaccrypto.o
       344          0          0          0          0       3298   loramacparser.o
       310          0          0          0          0       4423   loramacserializer.o
      2144          0        768          0          0      17746   lorawan_aes.o
       206         12          0          0          0       3903   main.o
        10          0          0          0          0        904   nvmdatamgmt.o
      5578         52        135          1        395      29451   radio.o
        20          0          0          0          0       1281   radio_board_if.o
      4602         12        176          0         12      46974   radio_driver.o
        48          0          0          0          0       7167   radio_fw.o
       316          0          0          0          0      13078   region.o
      4108        142         88          0          8      24335   regionas923.o
      2734          0          0          0          0      18709   regioncommon.o
      1456        140         17         12        374       9196   rs485.o
       278          0          0          0         56       6561   rtc.o
      1144          0        192          0          4       9526   soft-se.o
        64         26        312          0       1536        780   startup_stm32wle5xx.o
       970          0          0          0       1560      17366   stm32_adv_trace.o
       198          0          0          0          8       2753   stm32_lpm.o
        68          0         24          0          0       2119   stm32_lpm_if.o
       136          0          0          0          0       1831   stm32_mem.o
       472          0         16          8        160       6572   stm32_seq.o
       436          0          0          0          0       9461   stm32_systime.o
      1180          0          0          0          4      13638   stm32_timer.o
      1824        146          7          0          0       5507   stm32_tiny_vsnprintf.o
       270          0          0          8          4      10929   stm32wlxx_hal.o
      2700          0          0          0          0      22246   stm32wlxx_hal_adc.o
       222          0          0          0          0       6494   stm32wlxx_hal_adc_ex.o
       234          0          0          0          0       9755   stm32wlxx_hal_cortex.o
      1216          0          0          0          0       8851   stm32wlxx_hal_dma.o
       166          0          0          0         24       6749   stm32wlxx_hal_flash.o
        36          0          0          0          0       6717   stm32wlxx_hal_flash_ex.o
       958          0          0          0          0       4706   stm32wlxx_hal_gpio.o
        54          0          0          0          0       1879   stm32wlxx_hal_msp.o
        96          0          0          0          0       5142   stm32wlxx_hal_pwr.o
       254          0          0          0          0      10528   stm32wlxx_hal_pwr_ex.o
      2804          0         12          0          0      16824   stm32wlxx_hal_rcc.o
       522          0          0          0          0      14281   stm32wlxx_hal_rcc_ex.o
      1058          0          0          0          0      16281   stm32wlxx_hal_rtc.o
       210          0          0          0          0      16632   stm32wlxx_hal_rtc_ex.o
      6032          0          0          0          0      26834   stm32wlxx_hal_subghz.o
      7088         46         40          0          0      40630   stm32wlxx_hal_uart.o
       594          0         16          0          0      10979   stm32wlxx_hal_uart_ex.o
       150          0          0          0          0       2929   stm32wlxx_it.o
        82          0          0          0         12       4432   subghz.o
       426         24          0          0          0       5026   sys_app.o
        74          0          0          0          0       2783   sys_debug.o
         4          0          0          0          0       1108   sys_sensors.o
         2          0        160          4          0       2408   system_stm32wlxx.o
       622          0         64          0          8       8869   timer_if.o
       792          0          0          0        480       9459   usart.o
       390          0         16          0         12       9240   usart_if.o
       736          0          0          4          0       5355   utilities.o

    ----------------------------------------------------------------------
     79966       1078       2084        224      40552     756234   Object Totals
         0          0         32          0      32768          0   (incl. Generated)
       530          0          1          3          3          0   (incl. Padding)

    ----------------------------------------------------------------------

      Code (inc. data)   RO Data    RW Data    ZI Data      Debug   Library Member Name

         8          0          0          0          0         68   __main.o
       312          4         17          0          0         92   __printf_flags_wp.o
        14          0          0          0          0         68   __printf_wp.o
         0          0          0          0          0          0   __rtentry.o
        12          0          0          0          0          0   __rtentry2.o
         6          0          0          0          0          0   __rtentry4.o
        52          8          0          0          0          0   __scatter.o
        26          0          0          0          0          0   __scatter_copy.o
        28          0          0          0          0          0   __scatter_zi.o
        48          4          0          0          0         84   _fptrap.o
        44          0          0          0          0        108   _printf_char.o
        48          6          0          0          0         96   _printf_char_common.o
         6          0          0          0          0          0   _printf_d.o
       120         16          0          0          0         92   _printf_dec.o
        88          4         40          0          0         88   _printf_hex_int.o
       178          0          0          0          0         88   _printf_intcommon.o
        78          0          0          0          0        108   _printf_pad.o
         0          0          0          0          0          0   _printf_percent.o
         4          0          0          0          0          0   _printf_percent_end.o
         6          0          0          0          0          0   _printf_s.o
        82          0          0          0          0         80   _printf_str.o
         6          0          0          0          0          0   _printf_x.o
        10          0          0          0          0         68   _sputc.o
        16          0          0          0          0         68   aeabi_memset.o
        10          0          0          0          0         68   defsig_exit.o
       172        110          0          0          0         76   defsig_fpe_inner.o
        14          0          0          0          0         80   defsig_fpe_outer.o
        50          0          0          0          0         88   defsig_general.o
        18          0          0          0          0         80   exit.o
         6          0          0          0          0        152   heapauxi.o
         0          0          0          0          0          0   indicate_semi.o
         2          0          0          0          0          0   libinit.o
         6          0          0          0          0          0   libinit2.o
         2          0          0          0          0          0   libshutdown.o
         2          0          0          0          0          0   libshutdown2.o
         8          4          0          0         96         68   libspace.o
       240          0          0          0          0        100   lludivv7m.o
        40          6          0          0          0         84   noretval__2sprintf.o
         8          4          0          0          0         68   rt_fp_status_addr_intlibspace.o
        68          0          0          0          0         68   rt_memclr.o
        78          0          0          0          0         80   rt_memclr_w.o
       100          0          0          0          0         80   rt_memcpy_w.o
         2          0          0          0          0          0   rtexit.o
        10          0          0          0          0          0   rtexit2.o
        62          0          0          0          0         76   strlen.o
        12          4          0          0          0         68   sys_exit.o
        74          0          0          0          0         80   sys_stackheap_outer.o
        14          0          0          0          0         76   sys_wrch.o
         2          0          0          0          0         68   use_no_semi.o
       440         24          0          0          0        116   except.o
       642         16          0          0          0        168   faddsub_clz.o
        68         12          0          0          0         84   ffix.o
        38          0          0          0          0         68   fflt_clz.o
       242          4          0          0          0        100   fnaninf.o
        14          0          0          0          0         76   fpinit.o
       298          0          0          0          0        108   funder_clz.o
       178          0          0          0          0         68   retnan.o
       144          0          0          0          0        112   trapv.o
         0          0          0          0          0          0   usenofp.o
       124         12          0          0          0         84   floorf.o

    ----------------------------------------------------------------------
      4392        238         58          0         96       3552   Library Totals
        12          0          1          0          0          0   (incl. Padding)

    ----------------------------------------------------------------------

      Code (inc. data)   RO Data    RW Data    ZI Data      Debug   Library Name

      2192        170         57          0         96       2568   c_w.l
      2064         56          0          0          0        900   f_ws.l
       124         12          0          0          0         84   m_ws.l

    ----------------------------------------------------------------------
      4392        238         58          0         96       3552   Library Totals

    ----------------------------------------------------------------------

==============================================================================


      Code (inc. data)   RO Data    RW Data    ZI Data      Debug   

     84358       1316       2142        224      40648     756802   Grand Totals
     84358       1316       2142        224      40648     756802   ELF Image Totals
     84358       1316       2142        224          0          0   ROM Totals

==============================================================================

    Total RO  Size (Code + RO Data)                86500 (  84.47kB)
    Total RW  Size (RW Data + ZI Data)             40872 (  39.91kB)
    Total ROM Size (Code + RO Data + RW Data)      86724 (  84.69kB)

==============================================================================

